Component: ARM Compiler 5.06 update 4 (build 422) Tool: armlink [4d35d2]

==============================================================================

Section Cross References

    gd32f4xx_it.o(i.EXTI0_IRQHandler) refers to gd32f4xx_exti.o(i.exti_interrupt_flag_get) for exti_interrupt_flag_get
    gd32f4xx_it.o(i.EXTI0_IRQHandler) refers to gd32f4xx_exti.o(i.exti_interrupt_flag_clear) for exti_interrupt_flag_clear
    gd32f4xx_it.o(i.EXTI0_IRQHandler) refers to movement.o(.data) for move_state
    gd32f4xx_it.o(i.EXTI1_IRQHandler) refers to gd32f4xx_exti.o(i.exti_interrupt_flag_get) for exti_interrupt_flag_get
    gd32f4xx_it.o(i.EXTI1_IRQHandler) refers to gd32f4xx_exti.o(i.exti_interrupt_flag_clear) for exti_interrupt_flag_clear
    gd32f4xx_it.o(i.EXTI1_IRQHandler) refers to movement.o(.data) for move_state
    gd32f4xx_it.o(i.EXTI2_IRQHandler) refers to gd32f4xx_exti.o(i.exti_interrupt_flag_get) for exti_interrupt_flag_get
    gd32f4xx_it.o(i.EXTI2_IRQHandler) refers to gd32f4xx_exti.o(i.exti_interrupt_flag_clear) for exti_interrupt_flag_clear
    gd32f4xx_it.o(i.EXTI2_IRQHandler) refers to movement.o(.data) for move_state
    gd32f4xx_it.o(i.EXTI3_IRQHandler) refers to gd32f4xx_exti.o(i.exti_interrupt_flag_get) for exti_interrupt_flag_get
    gd32f4xx_it.o(i.EXTI3_IRQHandler) refers to gd32f4xx_exti.o(i.exti_interrupt_flag_clear) for exti_interrupt_flag_clear
    gd32f4xx_it.o(i.EXTI3_IRQHandler) refers to movement.o(.data) for move_state
    gd32f4xx_it.o(i.USART0_IRQHandler) refers to gd32f4xx_usart.o(i.usart_interrupt_flag_get) for usart_interrupt_flag_get
    gd32f4xx_it.o(i.USART0_IRQHandler) refers to gd32f4xx_usart.o(i.usart_flag_get) for usart_flag_get
    gd32f4xx_it.o(i.USART0_IRQHandler) refers to gd32f4xx_usart.o(i.usart_data_receive) for usart_data_receive
    gd32f4xx_it.o(i.USART0_IRQHandler) refers to mcu_api.o(i.uart_receive_input) for uart_receive_input
    main.o(i.USART1_IRQHandler) refers to gd32f4xx_usart.o(i.usart_interrupt_flag_get) for usart_interrupt_flag_get
    main.o(i.USART1_IRQHandler) refers to gd32f4xx_usart.o(i.usart_flag_get) for usart_flag_get
    main.o(i.USART1_IRQHandler) refers to gd32f4xx_usart.o(i.usart_data_receive) for usart_data_receive
    main.o(i.USART1_IRQHandler) refers to strncmp.o(.text) for strncmp
    main.o(i.USART1_IRQHandler) refers to rt_memcpy_v6.o(.text) for __aeabi_memcpy
    main.o(i.USART1_IRQHandler) refers to rt_memclr.o(.text) for __aeabi_memclr
    main.o(i.USART1_IRQHandler) refers to main.o(.data) for buff_len
    main.o(i.USART1_IRQHandler) refers to main.o(.bss) for rx_buf
    main.o(i.gps_data_task) refers to tasks.o(i.vTaskDelay) for vTaskDelay
    main.o(i.gps_data_task) refers to strlen.o(.text) for strlen
    main.o(i.gps_data_task) refers to map.o(i.gps_data_pick) for gps_data_pick
    main.o(i.gps_data_task) refers to rt_memclr.o(.text) for __aeabi_memclr
    main.o(i.gps_data_task) refers to main.o(.bss) for data_buf
    main.o(i.log_write_data) refers to uart.o(i.usart1_sendbyte) for usart1_sendbyte
    main.o(i.main) refers to main.o(i.system_init) for system_init
    main.o(i.main) refers to mcu_api.o(i.wifi_protocol_init) for wifi_protocol_init
    main.o(i.main) refers to tasks.o(i.xTaskCreate) for xTaskCreate
    main.o(i.main) refers to tasks.o(i.vTaskStartScheduler) for vTaskStartScheduler
    main.o(i.main) refers to main.o(.data) for StartTask_Handler
    main.o(i.main) refers to main.o(i.start_task) for start_task
    main.o(i.move_control_task) refers to rt_memclr_w.o(.text) for __aeabi_memclr4
    main.o(i.move_control_task) refers to tasks.o(i.vTaskDelay) for vTaskDelay
    main.o(i.move_control_task) refers to qmc5883l.o(i.QMC_Init) for QMC_Init
    main.o(i.move_control_task) refers to servo_motor.o(i.blade_speed_set) for blade_speed_set
    main.o(i.move_control_task) refers to qmc5883l.o(i.QMC5883L_GetAngle) for QMC5883L_GetAngle
    main.o(i.move_control_task) refers to movement.o(i.movement_logic_handle) for movement_logic_handle
    main.o(i.move_control_task) refers to movement.o(.data) for move_state
    main.o(i.start_task) refers to port.o(i.vPortEnterCritical) for vPortEnterCritical
    main.o(i.start_task) refers to tasks.o(i.xTaskCreate) for xTaskCreate
    main.o(i.start_task) refers to tasks.o(i.vTaskDelete) for vTaskDelete
    main.o(i.start_task) refers to port.o(i.vPortExitCritical) for vPortExitCritical
    main.o(i.start_task) refers to main.o(.data) for WifiUartTask_Handler
    main.o(i.start_task) refers to main.o(i.wifi_uart_task) for wifi_uart_task
    main.o(i.start_task) refers to main.o(i.gps_data_task) for gps_data_task
    main.o(i.start_task) refers to main.o(i.move_control_task) for move_control_task
    main.o(i.system_init) refers to gd32f4xx_rcu.o(i.rcu_periph_clock_enable) for rcu_periph_clock_enable
    main.o(i.system_init) refers to gd32f4xx_gpio.o(i.gpio_mode_set) for gpio_mode_set
[...]
    $v0                                      0x08005f44   Number         0  dmul.o(x$fpl$dmul)
    x$fpl$dnaninf                            0x08006098   Section      156  dnaninf.o(x$fpl$dnaninf)
    $v0                                      0x08006098   Number         0  dnaninf.o(x$fpl$dnaninf)
    x$fpl$dretinf                            0x08006134   Section       12  dretinf.o(x$fpl$dretinf)
    $v0                                      0x08006134   Number         0  dretinf.o(x$fpl$dretinf)
    x$fpl$drsb                               0x08006140   Section       22  daddsub_clz.o(x$fpl$drsb)
    $v0                                      0x08006140   Number         0  daddsub_clz.o(x$fpl$drsb)
    x$fpl$dsub                               0x08006158   Section      468  daddsub_clz.o(x$fpl$dsub)
    $v0                                      0x08006158   Number         0  daddsub_clz.o(x$fpl$dsub)
    _dsub1                                   0x08006169   Thumb Code     0  daddsub_clz.o(x$fpl$dsub)
    x$fpl$f2d                                0x0800632c   Section       86  f2d.o(x$fpl$f2d)
    $v0                                      0x0800632c   Number         0  f2d.o(x$fpl$f2d)
    x$fpl$fnaninf                            0x08006382   Section      140  fnaninf.o(x$fpl$fnaninf)
    $v0                                      0x08006382   Number         0  fnaninf.o(x$fpl$fnaninf)
    x$fpl$fpinit                             0x0800640e   Section       10  fpinit.o(x$fpl$fpinit)
    $v0                                      0x0800640e   Number         0  fpinit.o(x$fpl$fpinit)
    x$fpl$fretinf                            0x08006418   Section       10  fretinf.o(x$fpl$fretinf)
    $v0                                      0x08006418   Number         0  fretinf.o(x$fpl$fretinf)
    .constdata                               0x08006422   Section       12  protocol.o(.constdata)
    x$fpl$usenofp                            0x08006422   Section        0  usenofp.o(x$fpl$usenofp)
    .constdata                               0x08006430   Section      152  atan.o(.constdata)
    atanhi                                   0x08006430   Data          32  atan.o(.constdata)
    atanlo                                   0x08006450   Data          32  atan.o(.constdata)
    aTodd                                    0x08006470   Data          40  atan.o(.constdata)
    aTeven                                   0x08006498   Data          48  atan.o(.constdata)
    .constdata                               0x080064c8   Section        8  qnan.o(.constdata)
    .data                                    0x20000000   Section       33  main.o(.data)
    .data                                    0x20000021   Section        3  servo_motor.o(.data)
    .data                                    0x20000024   Section       76  movement.o(.data)
    width_remain_mm                          0x20000024   Data           4  movement.o(.data)
    .data                                    0x20000070   Section        2  map.o(.data)
    .data                                    0x20000074   Section        4  system_gd32f4xx.o(.data)
    .data                                    0x20000078   Section        2  mcu_api.o(.data)
    rx_in                                    0x20000078   Data           2  mcu_api.o(.data)
    .data                                    0x2000007c   Section       13  system.o(.data)
    mcu_reset_state                          0x20000088   Data           1  system.o(.data)
    .data                                    0x2000008c   Section       64  tasks.o(.data)
    pxDelayedTaskList                        0x20000090   Data           4  tasks.o(.data)
    pxOverflowDelayedTaskList                0x20000094   Data           4  tasks.o(.data)
    uxDeletedTasksWaitingCleanUp             0x20000098   Data           4  tasks.o(.data)
    uxCurrentNumberOfTasks                   0x2000009c   Data           4  tasks.o(.data)
    xTickCount                               0x200000a0   Data           4  tasks.o(.data)
    uxTopReadyPriority                       0x200000a4   Data           4  tasks.o(.data)
    xSchedulerRunning                        0x200000a8   Data           4  tasks.o(.data)
    xPendedTicks                             0x200000ac   Data           4  tasks.o(.data)
    xYieldPending                            0x200000b0   Data           4  tasks.o(.data)
    xNumOfOverflows                          0x200000b4   Data           4  tasks.o(.data)
    uxTaskNumber                             0x200000b8   Data           4  tasks.o(.data)
    xNextTaskUnblockTime                     0x200000bc   Data           4  tasks.o(.data)
    xIdleTaskHandle                          0x200000c0   Data           4  tasks.o(.data)
    uxSchedulerSuspended                     0x200000c8   Data           4  tasks.o(.data)
    .data                                    0x200000cc   Section       20  timers.o(.data)
    pxCurrentTimerList                       0x200000cc   Data           4  timers.o(.data)
    pxOverflowTimerList                      0x200000d0   Data           4  timers.o(.data)
    xTimerQueue                              0x200000d4   Data           4  timers.o(.data)
    xTimerTaskHandle                         0x200000d8   Data           4  timers.o(.data)
    xLastTime                                0x200000dc   Data           4  timers.o(.data)
    .data                                    0x200000e0   Section       32  heap_4.o(.data)
    xStart                                   0x200000e0   Data           8  heap_4.o(.data)
    pxEnd                                    0x200000e8   Data           4  heap_4.o(.data)
    xFreeBytesRemaining                      0x200000ec   Data           4  heap_4.o(.data)
    xMinimumEverFreeBytesRemaining           0x200000f0   Data           4  heap_4.o(.data)
    xNumberOfSuccessfulAllocations           0x200000f4   Data           4  heap_4.o(.data)
    xNumberOfSuccessfulFrees                 0x200000f8   Data           4  heap_4.o(.data)
    xBlockAllocatedBit                       0x200000fc   Data           4  heap_4.o(.data)
    .data                                    0x20000100   Section       12  port.o(.data)
    uxCriticalNesting                        0x20000100   Data           4  port.o(.data)
    ucMaxSysCallPriority                     0x20000104   Data           1  port.o(.data)
    ulMaxPRIGROUPValue                       0x20000108   Data           4  port.o(.data)
    .bss                                     0x2000010c   Section      256  main.o(.bss)
    .bss                                     0x2000020c   Section      128  movement.o(.bss)
    .bss                                     0x2000028c   Section      192  map.o(.bss)
    .bss                                     0x2000034c   Section      109  system.o(.bss)
    .bss                                     0x200003bc   Section       64  queue.o(.bss)
    .bss                                     0x200003fc   Section      200  tasks.o(.bss)
    pxReadyTasksLists                        0x200003fc   Data         100  tasks.o(.bss)
    xDelayedTaskList1                        0x20000460   Data          20  tasks.o(.bss)
    xDelayedTaskList2                        0x20000474   Data          20  tasks.o(.bss)
    xPendingReadyList                        0x20000488   Data          20  tasks.o(.bss)
    xTasksWaitingTermination                 0x2000049c   Data          20  tasks.o(.bss)
    xSuspendedTaskList                       0x200004b0   Data          20  tasks.o(.bss)
    .bss                                     0x200004c4   Section       40  timers.o(.bss)
    xActiveTimerList1                        0x200004c4   Data          20  timers.o(.bss)
    xActiveTimerList2                        0x200004d8   Data          20  timers.o(.bss)
    .bss                                     0x200004ec   Section    76800  heap_4.o(.bss)
    ucHeap                                   0x200004ec   Data       76800  heap_4.o(.bss)
    .bss                                     0x200130ec   Section       96  libspace.o(.bss)
    HEAP                                     0x20013150   Section     1024  startup_gd32f450.o(HEAP)
    Heap_Mem                                 0x20013150   Data        1024  startup_gd32f450.o(HEAP)
    STACK                                    0x20013550   Section     1024  startup_gd32f450.o(STACK)
    Stack_Mem                                0x20013550   Data        1024  startup_gd32f450.o(STACK)
    __initial_sp                             0x20013950   Data           0  startup_gd32f450.o(STACK)

    Global Symbols

    Symbol Name                              Value     Ov Type        Size  Object(Section)

    BuildAttributes$$THM_ISAv4$E$P$D$K$B$S$7EM$VFPi3$EXTD16$VFPS$VFMA$PE$A:L22UL41UL21$X:L11$S22US41US21$IEEE1$IW$USESV6$~STKCKD$USESV7$~SHL$OTIME$ROPI$IEEEX$EBA8$UX$STANDARDLIB$REQ8$PRES8$EABIv2 0x00000000   Number         0  anon$$obj.o ABSOLUTE
    __ARM_use_no_argv                        0x00000000   Number         0  main.o ABSOLUTE
    _printf_flags                            0x00000000   Number         0  printf_stubs.o ABSOLUTE
    _printf_return_value                     0x00000000   Number         0  printf_stubs.o ABSOLUTE
    _printf_sizespec                         0x00000000   Number         0  printf_stubs.o ABSOLUTE
    _printf_widthprec                        0x00000000   Number         0  printf_stubs.o ABSOLUTE
    __ARM_exceptions_init                     - Undefined Weak Reference
    __alloca_initialize                       - Undefined Weak Reference
    __arm_preinit_                            - Undefined Weak Reference
    __cpp_initialize__aeabi_                  - Undefined Weak Reference
    __cxa_finalize                            - Undefined Weak Reference
    __sigvec_lookup                           - Undefined Weak Reference
    _atexit_init                              - Undefined Weak Reference
    _call_atexit_fns                          - Undefined Weak Reference
    _clock_init                               - Undefined Weak Reference
    _fp_trap_init                             - Undefined Weak Reference
    _fp_trap_shutdown                         - Undefined Weak Reference
    _get_lc_collate                           - Undefined Weak Reference
    _get_lc_monetary                          - Undefined Weak Reference
    _get_lc_time                              - Undefined Weak Reference
    _getenv_init                              - Undefined Weak Reference
    _handle_redirection                       - Undefined Weak Reference
    _init_alloc                               - Undefined Weak Reference
    _init_user_alloc                          - Undefined Weak Reference
    _initio                                   - Undefined Weak Reference
    _printf_post_padding                      - Undefined Weak Reference
    _printf_pre_padding                       - Undefined Weak Reference
    _rand_init                                - Undefined Weak Reference
    _signal_finish                            - Undefined Weak Reference
    _signal_init                              - Undefined Weak Reference
    _terminate_alloc                          - Undefined Weak Reference
    _terminate_user_alloc                     - Undefined Weak Reference
    _terminateio                              - Undefined Weak Reference
    __Vectors_Size                           0x000001ac   Number         0  startup_gd32f450.o ABSOLUTE
    __Vectors                                0x08000000   Data           4  startup_gd32f450.o(RESET)
    __Vectors_End                            0x080001ac   Data           0  startup_gd32f450.o(RESET)
    __main                                   0x080001ad   Thumb Code     8  __main.o(!!!main)
    __scatterload                            0x080001b5   Thumb Code     0  __scatter.o(!!!scatter)
    __scatterload_rt2                        0x080001b5   Thumb Code    44  __scatter.o(!!!scatter)
    __scatterload_rt2_thumb_only             0x080001b5   Thumb Code     0  __scatter.o(!!!scatter)
    __scatterload_null                       0x080001c3   Thumb Code     0  __scatter.o(!!!scatter)
    __scatterload_copy                       0x080001e9   Thumb Code    26  __scatter_copy.o(!!handler_copy)
    __scatterload_zeroinit                   0x08000205   Thumb Code    28  __scatter_zi.o(!!handler_zi)
    _printf_percent                          0x08000221   Thumb Code     0  _printf_percent.o(.ARM.Collect$$_printf_percent$$00000000)
    _printf_percent_end                      0x08000221   Thumb Code     0  _printf_percent_end.o(.ARM.Collect$$_printf_percent$$00000017)
    __rt_lib_init                            0x08000225   Thumb Code     0  libinit.o(.ARM.Collect$$libinit$$00000000)
    __rt_lib_init_fp_1                       0x08000227   Thumb Code     0  libinit2.o(.ARM.Collect$$libinit$$00000001)
    __rt_lib_init_alloca_1                   0x0800022b   Thumb Code     0  libinit2.o(.ARM.Collect$$libinit$$0000002E)
    __rt_lib_init_argv_1                     0x0800022b   Thumb Code     0  libinit2.o(.ARM.Collect$$libinit$$0000002C)
    __rt_lib_init_atexit_1                   0x0800022b   Thumb Code     0  libinit2.o(.ARM.Collect$$libinit$$0000001B)
    __rt_lib_init_clock_1                    0x0800022b   Thumb Code     0  libinit2.o(.ARM.Collect$$libinit$$00000021)
    __rt_lib_init_cpp_1                      0x0800022b   Thumb Code     0  libinit2.o(.ARM.Collect$$libinit$$00000032)
    __rt_lib_init_exceptions_1               0x0800022b   Thumb Code     0  libinit2.o(.ARM.Collect$$libinit$$00000030)
    __rt_lib_init_fp_trap_1                  0x0800022b   Thumb Code     0  libinit2.o(.ARM.Collect$$libinit$$0000001F)
    __rt_lib_init_getenv_1                   0x0800022b   Thumb Code     0  libinit2.o(.ARM.Collect$$libinit$$00000023)
    __rt_lib_init_heap_1                     0x0800022b   Thumb Code     0  libinit2.o(.ARM.Collect$$libinit$$0000000A)
    __rt_lib_init_lc_collate_1               0x0800022b   Thumb Code     0  libinit2.o(.ARM.Collect$$libinit$$00000011)
    __rt_lib_init_lc_ctype_1                 0x0800022b   Thumb Code     0  libinit2.o(.ARM.Collect$$libinit$$00000013)
    __rt_lib_init_lc_monetary_1              0x0800022b   Thumb Code     0  libinit2.o(.ARM.Collect$$libinit$$00000015)
    __rt_lib_init_lc_numeric_1               0x0800022b   Thumb Code     0  libinit2.o(.ARM.Collect$$libinit$$00000017)
    __rt_lib_init_lc_time_1                  0x0800022b   Thumb Code     0  libinit2.o(.ARM.Collect$$libinit$$00000019)
    __rt_lib_init_preinit_1                  0x0800022b   Thumb Code     0  libinit2.o(.ARM.Collect$$libinit$$00000004)
    __rt_lib_init_rand_1                     0x0800022b   Thumb Code     0  libinit2.o(.ARM.Collect$$libinit$$0000000E)
    __rt_lib_init_return                     0x0800022b   Thumb Code     0  libinit2.o(.ARM.Collect$$libinit$$00000033)
    __rt_lib_init_signal_1                   0x0800022b   Thumb Code     0  libinit2.o(.ARM.Collect$$libinit$$0000001D)
    __rt_lib_init_stdio_1                    0x0800022b   Thumb Code     0  libinit2.o(.ARM.Collect$$libinit$$00000025)
    __rt_lib_init_user_alloc_1               0x0800022b   Thumb Code     0  libinit2.o(.ARM.Collect$$libinit$$0000000C)
    __rt_lib_shutdown                        0x0800022d   Thumb Code     0  libshutdown.o(.ARM.Collect$$libshutdown$$00000000)
    __rt_lib_shutdown_cpp_1                  0x0800022f   Thumb Code     0  libshutdown2.o(.ARM.Collect$$libshutdown$$00000002)
    __rt_lib_shutdown_fp_trap_1              0x0800022f   Thumb Code     0  libshutdown2.o(.ARM.Collect$$libshutdown$$00000007)
    __rt_lib_shutdown_heap_1                 0x0800022f   Thumb Code     0  libshutdown2.o(.ARM.Collect$$libshutdown$$0000000F)
    __rt_lib_shutdown_return                 0x0800022f   Thumb Code     0  libshutdown2.o(.ARM.Collect$$libshutdown$$00000010)
    __rt_lib_shutdown_signal_1               0x0800022f   Thumb Code     0  libshutdown2.o(.ARM.Collect$$libshutdown$$0000000A)
    __rt_lib_shutdown_stdio_1                0x0800022f   Thumb Code     0  libshutdown2.o(.ARM.Collect$$libshutdown$$00000004)
    __rt_lib_shutdown_user_alloc_1           0x0800022f   Thumb Code     0  libshutdown2.o(.ARM.Collect$$libshutdown$$0000000C)
    __rt_entry                               0x08000231   Thumb Code     0  __rtentry.o(.ARM.Collect$$rtentry$$00000000)
    __rt_entry_presh_1                       0x08000231   Thumb Code     0  __rtentry2.o(.ARM.Collect$$rtentry$$00000002)
    __rt_entry_sh                            0x08000231   Thumb Code     0  __rtentry4.o(.ARM.Collect$$rtentry$$00000004)
    __rt_entry_li                            0x08000237   Thumb Code     0  __rtentry2.o(.ARM.Collect$$rtentry$$0000000A)
    __rt_entry_postsh_1                      0x08000237   Thumb Code     0  __rtentry2.o(.ARM.Collect$$rtentry$$00000009)
    __rt_entry_main                          0x0800023b   Thumb Code     0  __rtentry2.o(.ARM.Collect$$rtentry$$0000000D)
    __rt_entry_postli_1                      0x0800023b   Thumb Code     0  __rtentry2.o(.ARM.Collect$$rtentry$$0000000C)
    __rt_exit                                0x08000243   Thumb Code     0  rtexit.o(.ARM.Collect$$rtexit$$00000000)
    __rt_exit_ls                             0x08000245   Thumb Code     0  rtexit2.o(.ARM.Collect$$rtexit$$00000003)
    __rt_exit_prels_1                        0x08000245   Thumb Code     0  rtexit2.o(.ARM.Collect$$rtexit$$00000002)
    __rt_exit_exit                           0x08000249   Thumb Code     0  rtexit2.o(.ARM.Collect$$rtexit$$00000004)
    SVC_Handler                              0x08000251   Thumb Code    28  port.o(.emb_text)
    __asm___6_port_c_39a90d8d__prvStartFirstTask 0x08000271   Thumb Code    36  port.o(.emb_text)
    __asm___6_port_c_39a90d8d__prvEnableVFP  0x08000299   Thumb Code    16  port.o(.emb_text)
    PendSV_Handler                           0x080002ad   Thumb Code    88  port.o(.emb_text)
    vPortGetIPSR                             0x08000309   Thumb Code     6  port.o(.emb_text)
    Reset_Handler                            0x08000311   Thumb Code     8  startup_gd32f450.o(.text)
    ADC_IRQHandler                           0x0800032b   Thumb Code     0  startup_gd32f450.o(.text)
    CAN0_EWMC_IRQHandler                     0x0800032b   Thumb Code     0  startup_gd32f450.o(.text)
    CAN0_RX0_IRQHandler                      0x0800032b   Thumb Code     0  startup_gd32f450.o(.text)
    CAN0_RX1_IRQHandler                      0x0800032b   Thumb Code     0  startup_gd32f450.o(.text)
    CAN0_TX_IRQHandler                       0x0800032b   Thumb Code     0  startup_gd32f450.o(.text)
    CAN1_EWMC_IRQHandler                     0x0800032b   Thumb Code     0  startup_gd32f450.o(.text)
    CAN1_RX0_IRQHandler                      0x0800032b   Thumb Code     0  startup_gd32f450.o(.text)
    CAN1_RX1_IRQHandler                      0x0800032b   Thumb Code     0  startup_gd32f450.o(.text)
    CAN1_TX_IRQHandler                       0x0800032b   Thumb Code     0  startup_gd32f450.o(.text)
    DCI_IRQHandler                           0x0800032b   Thumb Code     0  startup_gd32f450.o(.text)
    DMA0_Channel0_IRQHandler                 0x0800032b   Thumb Code     0  startup_gd32f450.o(.text)
    DMA0_Channel1_IRQHandler                 0x0800032b   Thumb Code     0  startup_gd32f450.o(.text)
    DMA0_Channel2_IRQHandler                 0x0800032b   Thumb Code     0  startup_gd32f450.o(.text)
    DMA0_Channel3_IRQHandler                 0x0800032b   Thumb Code     0  startup_gd32f450.o(.text)
    DMA0_Channel4_IRQHandler                 0x0800032b   Thumb Code     0  startup_gd32f450.o(.text)
    DMA0_Channel5_IRQHandler                 0x0800032b   Thumb Code     0  startup_gd32f450.o(.text)
    DMA0_Channel6_IRQHandler                 0x0800032b   Thumb Code     0  startup_gd32f450.o(.text)
    DMA0_Channel7_IRQHandler                 0x0800032b   Thumb Code     0  startup_gd32f450.o(.text)
    DMA1_Channel0_IRQHandler                 0x0800032b   Thumb Code     0  startup_gd32f450.o(.text)
    DMA1_Channel1_IRQHandler                 0x0800032b   Thumb Code     0  startup_gd32f450.o(.text)
    DMA1_Channel2_IRQHandler                 0x0800032b   Thumb Code     0  startup_gd32f450.o(.text)
    DMA1_Channel3_IRQHandler                 0x0800032b   Thumb Code     0  startup_gd32f450.o(.text)
    DMA1_Channel4_IRQHandler                 0x0800032b   Thumb Code     0  startup_gd32f450.o(.text)
    DMA1_Channel5_IRQHandler                 0x0800032b   Thumb Code     0  startup_gd32f450.o(.text)
    DMA1_Channel6_IRQHandler                 0x0800032b   Thumb Code     0  startup_gd32f450.o(.text)
    DMA1_Channel7_IRQHandler                 0x0800032b   Thumb Code     0  startup_gd32f450.o(.text)
    ENET_IRQHandler                          0x0800032b   Thumb Code     0  startup_gd32f450.o(.text)
    ENET_WKUP_IRQHandler                     0x0800032b   Thumb Code     0  startup_gd32f450.o(.text)
    EXMC_IRQHandler                          0x0800032b   Thumb Code     0  startup_gd32f450.o(.text)
    EXTI10_15_IRQHandler                     0x0800032b   Thumb Code     0  startup_gd32f450.o(.text)
    EXTI4_IRQHandler                         0x0800032b   Thumb Code     0  startup_gd32f450.o(.text)
    EXTI5_9_IRQHandler                       0x0800032b   Thumb Code     0  startup_gd32f450.o(.text)
    FMC_IRQHandler                           0x0800032b   Thumb Code     0  startup_gd32f450.o(.text)
    FPU_IRQHandler                           0x0800032b   Thumb Code     0  startup_gd32f450.o(.text)
    I2C0_ER_IRQHandler                       0x0800032b   Thumb Code     0  startup_gd32f450.o(.text)
    I2C0_EV_IRQHandler                       0x0800032b   Thumb Code     0  startup_gd32f450.o(.text)
    I2C1_ER_IRQHandler                       0x0800032b   Thumb Code     0  startup_gd32f450.o(.text)
    I2C1_EV_IRQHandler                       0x0800032b   Thumb Code     0  startup_gd32f450.o(.text)
    I2C2_ER_IRQHandler                       0x0800032b   Thumb Code     0  startup_gd32f450.o(.text)
    I2C2_EV_IRQHandler                       0x0800032b   Thumb Code     0  startup_gd32f450.o(.text)
    IPA_IRQHandler                           0x0800032b   Thumb Code     0  startup_gd32f450.o(.text)
    LVD_IRQHandler                           0x0800032b   Thumb Code     0  startup_gd32f450.o(.text)
    RCU_CTC_IRQHandler                       0x0800032b   Thumb Code     0  startup_gd32f450.o(.text)
    RTC_Alarm_IRQHandler                     0x0800032b   Thumb Code     0  startup_gd32f450.o(.text)
    RTC_WKUP_IRQHandler                      0x0800032b   Thumb Code     0  startup_gd32f450.o(.text)
    SDIO_IRQHandler                          0x0800032b   Thumb Code     0  startup_gd32f450.o(.text)
    SPI0_IRQHandler                          0x0800032b   Thumb Code     0  startup_gd32f450.o(.text)
    SPI1_IRQHandler                          0x0800032b   Thumb Code     0  startup_gd32f450.o(.text)
    SPI2_IRQHandler                          0x0800032b   Thumb Code     0  startup_gd32f450.o(.text)
    SPI3_IRQHandler                          0x0800032b   Thumb Code     0  startup_gd32f450.o(.text)
    SPI4_IRQHandler                          0x0800032b   Thumb Code     0  startup_gd32f450.o(.text)
    SPI5_IRQHandler                          0x0800032b   Thumb Code     0  startup_gd32f450.o(.text)
    TAMPER_STAMP_IRQHandler                  0x0800032b   Thumb Code     0  startup_gd32f450.o(.text)
    TIMER0_BRK_TIMER8_IRQHandler             0x0800032b   Thumb Code     0  startup_gd32f450.o(.text)
    TIMER0_Channel_IRQHandler                0x0800032b   Thumb Code     0  startup_gd32f450.o(.text)
    TIMER0_TRG_CMT_TIMER10_IRQHandler        0x0800032b   Thumb Code     0  startup_gd32f450.o(.text)
    TIMER0_UP_TIMER9_IRQHandler              0x0800032b   Thumb Code     0  startup_gd32f450.o(.text)
    TIMER1_IRQHandler                        0x0800032b   Thumb Code     0  startup_gd32f450.o(.text)
    TIMER2_IRQHandler                        0x0800032b   Thumb Code     0  startup_gd32f450.o(.text)
    TIMER3_IRQHandler                        0x0800032b   Thumb Code     0  startup_gd32f450.o(.text)
    TIMER4_IRQHandler                        0x0800032b   Thumb Code     0  startup_gd32f450.o(.text)
    TIMER5_DAC_IRQHandler                    0x0800032b   Thumb Code     0  startup_gd32f450.o(.text)
    TIMER6_IRQHandler                        0x0800032b   Thumb Code     0  startup_gd32f450.o(.text)
    TIMER7_BRK_TIMER11_IRQHandler            0x0800032b   Thumb Code     0  startup_gd32f450.o(.text)
    TIMER7_Channel_IRQHandler                0x0800032b   Thumb Code     0  startup_gd32f450.o(.text)
    TIMER7_TRG_CMT_TIMER13_IRQHandler        0x0800032b   Thumb Code     0  startup_gd32f450.o(.text)
    TIMER7_UP_TIMER12_IRQHandler             0x0800032b   Thumb Code     0  startup_gd32f450.o(.text)
    TLI_ER_IRQHandler                        0x0800032b   Thumb Code     0  startup_gd32f450.o(.text)
    TLI_IRQHandler                           0x0800032b   Thumb Code     0  startup_gd32f450.o(.text)
    TRNG_IRQHandler                          0x0800032b   Thumb Code     0  startup_gd32f450.o(.text)
    UART3_IRQHandler                         0x0800032b   Thumb Code     0  startup_gd32f450.o(.text)
    UART4_IRQHandler                         0x0800032b   Thumb Code     0  startup_gd32f450.o(.text)
    UART6_IRQHandler                         0x0800032b   Thumb Code     0  startup_gd32f450.o(.text)
    UART7_IRQHandler                         0x0800032b   Thumb Code     0  startup_gd32f450.o(.text)
    USART2_IRQHandler                        0x0800032b   Thumb Code     0  startup_gd32f450.o(.text)
    USART5_IRQHandler                        0x0800032b   Thumb Code     0  startup_gd32f450.o(.text)
    USBFS_IRQHandler                         0x0800032b   Thumb Code     0  startup_gd32f450.o(.text)
    USBFS_WKUP_IRQHandler                    0x0800032b   Thumb Code     0  startup_gd32f450.o(.text)
    USBHS_EP1_In_IRQHandler                  0x0800032b   Thumb Code     0  startup_gd32f450.o(.text)
    USBHS_EP1_Out_IRQHandler                 0x0800032b   Thumb Code     0  startup_gd32f450.o(.text)
    USBHS_IRQHandler                         0x0800032b   Thumb Code     0  startup_gd32f450.o(.text)
    USBHS_WKUP_IRQHandler                    0x0800032b   Thumb Code     0  startup_gd32f450.o(.text)
    WWDGT_IRQHandler                         0x0800032b   Thumb Code     0  startup_gd32f450.o(.text)
    __user_initial_stackheap                 0x0800032d   Thumb Code    10  startup_gd32f450.o(.text)
    __2sprintf                               0x08000351   Thumb Code    34  noretval__2sprintf.o(.text)
    __printf                                 0x08000379   Thumb Code   184  __printf_ss.o(.text)
    strlen                                   0x08000431   Thumb Code    62  strlen.o(.text)
    strncmp                                  0x0800046f   Thumb Code   150  strncmp.o(.text)
    __aeabi_memcpy                           0x08000505   Thumb Code     0  rt_memcpy_v6.o(.text)
    __rt_memcpy                              0x08000505   Thumb Code   138  rt_memcpy_v6.o(.text)
    _memcpy_lastbytes                        0x0800056b   Thumb Code     0  rt_memcpy_v6.o(.text)
    __aeabi_memset                           0x0800058f   Thumb Code    16  aeabi_memset.o(.text)
    __aeabi_memclr                           0x0800059f   Thumb Code     0  rt_memclr.o(.text)
    __rt_memclr                              0x0800059f   Thumb Code    68  rt_memclr.o(.text)
    _memset                                  0x080005a3   Thumb Code     0  rt_memclr.o(.text)
    __aeabi_memclr4                          0x080005e3   Thumb Code     0  rt_memclr_w.o(.text)
    __aeabi_memclr8                          0x080005e3   Thumb Code     0  rt_memclr_w.o(.text)
    __rt_memclr_w                            0x080005e3   Thumb Code    78  rt_memclr_w.o(.text)
    _memset_w                                0x080005e7   Thumb Code     0  rt_memclr_w.o(.text)
    __use_two_region_memory                  0x08000631   Thumb Code     2  heapauxi.o(.text)
    __rt_heap_escrow$2region                 0x08000633   Thumb Code     2  heapauxi.o(.text)
    __rt_heap_expand$2region                 0x08000635   Thumb Code     2  heapauxi.o(.text)
    _printf_char_common                      0x08000643   Thumb Code    32  _printf_char_common.o(.text)
    _sputc                                   0x08000669   Thumb Code    10  _sputc.o(.text)
    __aeabi_memcpy4                          0x08000673   Thumb Code     0  rt_memcpy_w.o(.text)
    __aeabi_memcpy8                          0x08000673   Thumb Code     0  rt_memcpy_w.o(.text)
    __rt_memcpy_w                            0x08000673   Thumb Code   100  rt_memcpy_w.o(.text)
    _memcpy_lastbytes_aligned                0x080006bb   Thumb Code     0  rt_memcpy_w.o(.text)
    __user_libspace                          0x080006d9   Thumb Code     8  libspace.o(.text)
    __user_perproc_libspace                  0x080006d9   Thumb Code     0  libspace.o(.text)
    __user_perthread_libspace                0x080006d9   Thumb Code     0  libspace.o(.text)
    __user_setup_stackheap                   0x080006e1   Thumb Code    74  sys_stackheap_outer.o(.text)
    exit                                     0x0800072b   Thumb Code    18  exit.o(.text)
    _sys_exit                                0x0800073d   Thumb Code     8  sys_exit.o(.text)
    __I$use$semihosting                      0x08000749   Thumb Code     0  use_no_semi.o(.text)
    __use_no_semihosting_swi                 0x08000749   Thumb Code     2  use_no_semi.o(.text)
    BusFault_Handler                         0x0800074b   Thumb Code     4  gd32f4xx_it.o(i.BusFault_Handler)
    __semihosting_library_function           0x0800074b   Thumb Code     0  indicate_semi.o(.text)
    DebugMon_Handler                         0x0800074f   Thumb Code     2  gd32f4xx_it.o(i.DebugMon_Handler)
    EXTI0_IRQHandler                         0x08000751   Thumb Code    28  gd32f4xx_it.o(i.EXTI0_IRQHandler)
    EXTI1_IRQHandler                         0x08000771   Thumb Code    28  gd32f4xx_it.o(i.EXTI1_IRQHandler)
    EXTI2_IRQHandler                         0x08000791   Thumb Code    28  gd32f4xx_it.o(i.EXTI2_IRQHandler)
    EXTI3_IRQHandler                         0x080007b1   Thumb Code    28  gd32f4xx_it.o(i.EXTI3_IRQHandler)
    HardFault_Handler                        0x080007d1   Thumb Code     4  gd32f4xx_it.o(i.HardFault_Handler)
    IIC_Ack                                  0x080007d5   Thumb Code    86  qmc5883l.o(i.IIC_Ack)
    IIC_NAck                                 0x08000831   Thumb Code    86  qmc5883l.o(i.IIC_NAck)
    IIC_ReadMulByte                          0x0800088d   Thumb Code   106  qmc5883l.o(i.IIC_ReadMulByte)
    IIC_Read_Byte                            0x080008f9   Thumb Code    98  qmc5883l.o(i.IIC_Read_Byte)
    IIC_Send_Byte                            0x08000961   Thumb Code   126  qmc5883l.o(i.IIC_Send_Byte)
    IIC_Start                                0x080009e5   Thumb Code    76  qmc5883l.o(i.IIC_Start)
    IIC_Stop                                 0x08000a35   Thumb Code    82  qmc5883l.o(i.IIC_Stop)
    IIC_Wait_Ack                             0x08000a8d   Thumb Code   106  qmc5883l.o(i.IIC_Wait_Ack)
    IIC_Write_Byte                           0x08000afd   Thumb Code    62  qmc5883l.o(i.IIC_Write_Byte)
    IIC_init                                 0x08000b3d   Thumb Code    68  qmc5883l.o(i.IIC_init)
    MemManage_Handler                        0x08000b85   Thumb Code     4  gd32f4xx_it.o(i.MemManage_Handler)
    NMI_Handler                              0x08000b89   Thumb Code     2  gd32f4xx_it.o(i.NMI_Handler)
    QMC5883L_GetAngle                        0x08000bb5   Thumb Code   322  qmc5883l.o(i.QMC5883L_GetAngle)
    QMC_Init                                 0x08000d25   Thumb Code   136  qmc5883l.o(i.QMC_Init)
    SysTick_Handler                          0x08000dd1   Thumb Code    46  port.o(i.SysTick_Handler)
    SystemInit                               0x08000e05   Thumb Code   116  system_gd32f4xx.o(i.SystemInit)
    USART0_IRQHandler                        0x08000e89   Thumb Code    38  gd32f4xx_it.o(i.USART0_IRQHandler)
    USART1_IRQHandler                        0x08000eb9   Thumb Code   156  main.o(i.USART1_IRQHandler)
    UsageFault_Handler                       0x08000f71   Thumb Code     4  gd32f4xx_it.o(i.UsageFault_Handler)
    __ARM_fpclassify                         0x08000f75   Thumb Code    48  fpclassify.o(i.__ARM_fpclassify)
    __hardfp_atan                            0x08000fa9   Thumb Code   622  atan.o(i.__hardfp_atan)
    __hardfp_atan2                           0x08001281   Thumb Code   432  atan2.o(i.__hardfp_atan2)
    __kernel_poly                            0x08001471   Thumb Code   248  poly.o(i.__kernel_poly)
    __mathlib_dbl_infnan                     0x08001569   Thumb Code    20  dunder.o(i.__mathlib_dbl_infnan)
    __mathlib_dbl_infnan2                    0x0800157d   Thumb Code    20  dunder.o(i.__mathlib_dbl_infnan2)
    __mathlib_dbl_underflow                  0x08001591   Thumb Code    24  dunder.o(i.__mathlib_dbl_underflow)
    all_data_update                          0x080015b1   Thumb Code    52  protocol.o(i.all_data_update)
    atan                                     0x08001641   Thumb Code    16  atan.o(i.atan)
    blade_position_set                       0x08001651   Thumb Code   100  servo_motor.o(i.blade_position_set)
    blade_speed_set                          0x080016b9   Thumb Code    92  servo_motor.o(i.blade_speed_set)
    byte_to_int                              0x08001719   Thumb Code    26  mcu_api.o(i.byte_to_int)
    car_full_turn                            0x08001735   Thumb Code   146  servo_motor.o(i.car_full_turn)
    car_moving                               0x080017cd   Thumb Code   306  servo_motor.o(i.car_moving)
    data_handle                              0x08001945   Thumb Code   210  system.o(i.data_handle)
    dp_download_handle                       0x08001c09   Thumb Code   110  protocol.o(i.dp_download_handle)
    exti_init                                0x08001ce9   Thumb Code   184  gd32f4xx_exti.o(i.exti_init)
    exti_interrupt_flag_clear                0x08001da5   Thumb Code     6  gd32f4xx_exti.o(i.exti_interrupt_flag_clear)
    exti_interrupt_flag_get                  0x08001db1   Thumb Code    32  gd32f4xx_exti.o(i.exti_interrupt_flag_get)
    fabs                                     0x08001dd5   Thumb Code    24  fabs.o(i.fabs)
    get_check_sum                            0x08001f09   Thumb Code    28  system.o(i.get_check_sum)
    get_download_cmd_total                   0x08001f51   Thumb Code     4  protocol.o(i.get_download_cmd_total)
    gpio_af_set                              0x08001f65   Thumb Code    94  gd32f4xx_gpio.o(i.gpio_af_set)
    gpio_bit_reset                           0x08001fc3   Thumb Code     4  gd32f4xx_gpio.o(i.gpio_bit_reset)
    gpio_bit_set                             0x08001fc7   Thumb Code     4  gd32f4xx_gpio.o(i.gpio_bit_set)
    gpio_input_bit_get                       0x08001fcb   Thumb Code    16  gd32f4xx_gpio.o(i.gpio_input_bit_get)
    gpio_mode_set                            0x08001fdb   Thumb Code    78  gd32f4xx_gpio.o(i.gpio_mode_set)
    gpio_output_options_set                  0x08002029   Thumb Code    66  gd32f4xx_gpio.o(i.gpio_output_options_set)
    gps_data_pick                            0x0800206d   Thumb Code   166  map.o(i.gps_data_pick)
    gps_data_task                            0x0800211d   Thumb Code    42  main.o(i.gps_data_task)
    main                                     0x080021a1   Thumb Code    38  main.o(i.main)
    mcu_dp_bool_update                       0x080021dd   Thumb Code    96  mcu_api.o(i.mcu_dp_bool_update)
    mcu_dp_enum_update                       0x08002241   Thumb Code    82  mcu_api.o(i.mcu_dp_enum_update)
    mcu_dp_value_update                      0x08002299   Thumb Code   116  mcu_api.o(i.mcu_dp_value_update)
    mcu_get_dp_download_bool                 0x08002311   Thumb Code     6  mcu_api.o(i.mcu_get_dp_download_bool)
    mcu_get_dp_download_enum                 0x08002317   Thumb Code     6  mcu_api.o(i.mcu_get_dp_download_enum)
    mcu_get_dp_download_value                0x0800231d   Thumb Code    14  mcu_api.o(i.mcu_get_dp_download_value)
    move_control_task                        0x0800232d   Thumb Code   122  main.o(i.move_control_task)
    movement_logic_handle                    0x080023ad   Thumb Code   332  movement.o(i.movement_logic_handle)
    movement_system_init                     0x08002511   Thumb Code   200  movement.o(i.movement_system_init)
    my_memcpy                                0x080025dd   Thumb Code    68  mcu_api.o(i.my_memcpy)
    my_strlen                                0x08002621   Thumb Code    28  mcu_api.o(i.my_strlen)
    nvic_irq_enable                          0x0800263d   Thumb Code   186  gd32f4xx_misc.o(i.nvic_irq_enable)
    nvic_priority_group_set                  0x08002701   Thumb Code    10  gd32f4xx_misc.o(i.nvic_priority_group_set)
    pvPortMalloc                             0x080031e5   Thumb Code   338  heap_4.o(i.pvPortMalloc)
    pxPortInitialiseStack                    0x08003351   Thumb Code    38  port.o(i.pxPortInitialiseStack)
    rcu_clock_freq_get                       0x0800337d   Thumb Code   264  gd32f4xx_rcu.o(i.rcu_clock_freq_get)
    rcu_periph_clock_enable                  0x080034a1   Thumb Code    32  gd32f4xx_rcu.o(i.rcu_periph_clock_enable)
    rcu_periph_reset_disable                 0x080034c5   Thumb Code    32  gd32f4xx_rcu.o(i.rcu_periph_reset_disable)
    rcu_periph_reset_enable                  0x080034e9   Thumb Code    32  gd32f4xx_rcu.o(i.rcu_periph_reset_enable)
    rcu_timer_clock_prescaler_config         0x0800350d   Thumb Code    32  gd32f4xx_rcu.o(i.rcu_timer_clock_prescaler_config)
    servo_motor_init                         0x08003531   Thumb Code   346  servo_motor.o(i.servo_motor_init)
    set_wifi_uart_buffer                     0x0800369d   Thumb Code    34  system.o(i.set_wifi_uart_buffer)
    set_wifi_uart_byte                       0x080036c5   Thumb Code    12  system.o(i.set_wifi_uart_byte)
    single_motor_speed_set                   0x080036d5   Thumb Code    84  servo_motor.o(i.single_motor_speed_set)
    start_task                               0x08003729   Thumb Code    86  main.o(i.start_task)
    syscfg_exti_line_config                  0x080037d1   Thumb Code   166  gd32f4xx_syscfg.o(i.syscfg_exti_line_config)
    system_init                              0x08003981   Thumb Code    56  main.o(i.system_init)
    systick_config                           0x080039bd   Thumb Code    74  systick.o(i.systick_config)
    take_byte_rxbuff                         0x08003a0d   Thumb Code    46  system.o(i.take_byte_rxbuff)
    timer_auto_reload_shadow_enable          0x08003a49   Thumb Code    10  gd32f4xx_timer.o(i.timer_auto_reload_shadow_enable)
    timer_channel_output_config              0x08003a55   Thumb Code   484  gd32f4xx_timer.o(i.timer_channel_output_config)
    timer_channel_output_mode_config         0x08003c41   Thumb Code    90  gd32f4xx_timer.o(i.timer_channel_output_mode_config)
    timer_channel_output_pulse_value_config  0x08003c9b   Thumb Code    38  gd32f4xx_timer.o(i.timer_channel_output_pulse_value_config)
    timer_channel_output_shadow_config       0x08003cc1   Thumb Code    90  gd32f4xx_timer.o(i.timer_channel_output_shadow_config)
    timer_channel_output_struct_para_init    0x08003d1b   Thumb Code    16  gd32f4xx_timer.o(i.timer_channel_output_struct_para_init)
    timer_config                             0x08003d2d   Thumb Code   312  servo_motor.o(i.timer_config)
    timer_deinit                             0x08003e69   Thumb Code   374  gd32f4xx_timer.o(i.timer_deinit)
    timer_enable                             0x08003fed   Thumb Code    10  gd32f4xx_timer.o(i.timer_enable)
    timer_init                               0x08003ff9   Thumb Code   122  gd32f4xx_timer.o(i.timer_init)
    timer_struct_para_init                   0x08004091   Thumb Code    22  gd32f4xx_timer.o(i.timer_struct_para_init)
    uart_init                                0x080041f9   Thumb Code   284  uart.o(i.uart_init)
    uart_receive_input                       0x08004325   Thumb Code    74  mcu_api.o(i.uart_receive_input)
    uart_transmit_output                     0x0800437d   Thumb Code    12  protocol.o(i.uart_transmit_output)
    usart0_sendbyte                          0x08004389   Thumb Code    28  uart.o(i.usart0_sendbyte)
    usart1_sendbyte                          0x080043a9   Thumb Code    28  uart.o(i.usart1_sendbyte)
    usart_baudrate_set                       0x080043c9   Thumb Code   224  gd32f4xx_usart.o(i.usart_baudrate_set)
    usart_data_receive                       0x080044b1   Thumb Code    10  gd32f4xx_usart.o(i.usart_data_receive)
    usart_data_transmit                      0x080044bb   Thumb Code     8  gd32f4xx_usart.o(i.usart_data_transmit)
    usart_deinit                             0x080044c5   Thumb Code   210  gd32f4xx_usart.o(i.usart_deinit)
    usart_enable                             0x080045a1   Thumb Code    10  gd32f4xx_usart.o(i.usart_enable)
    usart_flag_get                           0x080045ab   Thumb Code    30  gd32f4xx_usart.o(i.usart_flag_get)
    usart_interrupt_enable                   0x080045c9   Thumb Code    26  gd32f4xx_usart.o(i.usart_interrupt_enable)
    usart_interrupt_flag_get                 0x080045e3   Thumb Code    56  gd32f4xx_usart.o(i.usart_interrupt_flag_get)
    usart_receive_config                     0x0800461b   Thumb Code    16  gd32f4xx_usart.o(i.usart_receive_config)
    usart_transmit_config                    0x0800462b   Thumb Code    16  gd32f4xx_usart.o(i.usart_transmit_config)
    uxListRemove                             0x0800463b   Thumb Code    40  list.o(i.uxListRemove)
    vListInitialise                          0x08004663   Thumb Code    26  list.o(i.vListInitialise)
    vListInitialiseItem                      0x0800467d   Thumb Code     6  list.o(i.vListInitialiseItem)
    vListInsert                              0x08004683   Thumb Code    52  list.o(i.vListInsert)
    vListInsertEnd                           0x080046b7   Thumb Code    24  list.o(i.vListInsertEnd)
    vPortEnterCritical                       0x080046d1   Thumb Code    76  port.o(i.vPortEnterCritical)
    vPortExitCritical                        0x08004725   Thumb Code    56  port.o(i.vPortExitCritical)
    vPortFree                                0x08004761   Thumb Code   150  heap_4.o(i.vPortFree)
    vPortSetupTimerInterrupt                 0x08004805   Thumb Code    36  port.o(i.vPortSetupTimerInterrupt)
    vPortValidateInterruptPriority           0x0800482d   Thumb Code   106  port.o(i.vPortValidateInterruptPriority)
    vQueueAddToRegistry                      0x080048a5   Thumb Code    38  queue.o(i.vQueueAddToRegistry)
    vQueueWaitForMessageRestricted           0x080048d1   Thumb Code    74  queue.o(i.vQueueWaitForMessageRestricted)
    vTaskDelay                               0x0800491d   Thumb Code    82  tasks.o(i.vTaskDelay)
    vTaskDelete                              0x08004979   Thumb Code   202  tasks.o(i.vTaskDelete)
    vTaskInternalSetTimeOutState             0x08004a6d   Thumb Code    14  tasks.o(i.vTaskInternalSetTimeOutState)
    vTaskMissedYield                         0x08004a85   Thumb Code     8  tasks.o(i.vTaskMissedYield)
    vTaskPlaceOnEventList                    0x08004a91   Thumb Code    52  tasks.o(i.vTaskPlaceOnEventList)
    vTaskPlaceOnEventListRestricted          0x08004ac9   Thumb Code    60  tasks.o(i.vTaskPlaceOnEventListRestricted)
    vTaskStartScheduler                      0x08004b09   Thumb Code   122  tasks.o(i.vTaskStartScheduler)
    vTaskSuspendAll                          0x08004ba5   Thumb Code    12  tasks.o(i.vTaskSuspendAll)
    vTaskSwitchContext                       0x08004bb5   Thumb Code   118  tasks.o(i.vTaskSwitchContext)
    wifi_protocol_init                       0x08004c41   Thumb Code    24  mcu_api.o(i.wifi_protocol_init)
    wifi_test_result                         0x08004c6d   Thumb Code     8  protocol.o(i.wifi_test_result)
    wifi_uart_service                        0x08004c75   Thumb Code   238  mcu_api.o(i.wifi_uart_service)
    wifi_uart_task                           0x08004d6d   Thumb Code    16  main.o(i.wifi_uart_task)
    wifi_uart_write_frame                    0x08004da1   Thumb Code    68  system.o(i.wifi_uart_write_frame)
    with_data_rxbuff                         0x08004de9   Thumb Code    20  system.o(i.with_data_rxbuff)
    xPortStartScheduler                      0x08004e05   Thumb Code   372  port.o(i.xPortStartScheduler)
    xQueueGenericCreate                      0x08004f95   Thumb Code   162  queue.o(i.xQueueGenericCreate)
    xQueueGenericReset                       0x08005039   Thumb Code   146  queue.o(i.xQueueGenericReset)
    xQueueGenericSend                        0x080050d1   Thumb Code   420  queue.o(i.xQueueGenericSend)
    xQueueGenericSendFromISR                 0x08005279   Thumb Code   288  queue.o(i.xQueueGenericSendFromISR)
    xQueueReceive                            0x08005399   Thumb Code   356  queue.o(i.xQueueReceive)
    xTaskCheckForTimeOut                     0x08005501   Thumb Code   136  tasks.o(i.xTaskCheckForTimeOut)
    xTaskCreate                              0x08005591   Thumb Code    96  tasks.o(i.xTaskCreate)
    xTaskGetSchedulerState                   0x080055f1   Thumb Code    24  tasks.o(i.xTaskGetSchedulerState)
    xTaskGetTickCount                        0x08005611   Thumb Code     6  tasks.o(i.xTaskGetTickCount)
    xTaskIncrementTick                       0x0800561d   Thumb Code   282  tasks.o(i.xTaskIncrementTick)
    xTaskPriorityDisinherit                  0x08005765   Thumb Code   174  tasks.o(i.xTaskPriorityDisinherit)
    xTaskRemoveFromEventList                 0x08005821   Thumb Code   128  tasks.o(i.xTaskRemoveFromEventList)
    xTaskResumeAll                           0x080058b9   Thumb Code   224  tasks.o(i.xTaskResumeAll)
    xTimerCreateTimerTask                    0x080059bd   Thumb Code    66  timers.o(i.xTimerCreateTimerTask)
    xTimerGenericCommand                     0x08005a15   Thumb Code   126  timers.o(i.xTimerGenericCommand)
    __aeabi_dneg                             0x08005a99   Thumb Code     0  basic.o(x$fpl$basic)
    _dneg                                    0x08005a99   Thumb Code     6  basic.o(x$fpl$basic)
    __aeabi_fneg                             0x08005a9f   Thumb Code     0  basic.o(x$fpl$basic)
    _fneg                                    0x08005a9f   Thumb Code     6  basic.o(x$fpl$basic)
    _dabs                                    0x08005aa5   Thumb Code     6  basic.o(x$fpl$basic)
    _fabs                                    0x08005aab   Thumb Code     6  basic.o(x$fpl$basic)
    __aeabi_d2f                              0x08005ab1   Thumb Code     0  d2f.o(x$fpl$d2f)
    _d2f                                     0x08005ab1   Thumb Code    98  d2f.o(x$fpl$d2f)
    __aeabi_dadd                             0x08005b15   Thumb Code     0  daddsub_clz.o(x$fpl$dadd)
    _dadd                                    0x08005b15   Thumb Code   332  daddsub_clz.o(x$fpl$dadd)
    __aeabi_ddiv                             0x08005c65   Thumb Code     0  ddiv.o(x$fpl$ddiv)
    _ddiv                                    0x08005c65   Thumb Code   552  ddiv.o(x$fpl$ddiv)
    __aeabi_i2d                              0x08005f15   Thumb Code     0  dflt_clz.o(x$fpl$dflt)
    _dflt                                    0x08005f15   Thumb Code    46  dflt_clz.o(x$fpl$dflt)
    __aeabi_dmul                             0x08005f45   Thumb Code     0  dmul.o(x$fpl$dmul)
    _dmul                                    0x08005f45   Thumb Code   332  dmul.o(x$fpl$dmul)
    __fpl_dnaninf                            0x08006099   Thumb Code   156  dnaninf.o(x$fpl$dnaninf)
    __fpl_dretinf                            0x08006135   Thumb Code    12  dretinf.o(x$fpl$dretinf)
    __aeabi_drsub                            0x08006141   Thumb Code     0  daddsub_clz.o(x$fpl$drsb)
    _drsb                                    0x08006141   Thumb Code    22  daddsub_clz.o(x$fpl$drsb)
    __aeabi_dsub                             0x08006159   Thumb Code     0  daddsub_clz.o(x$fpl$dsub)
    _dsub                                    0x08006159   Thumb Code   464  daddsub_clz.o(x$fpl$dsub)
    __aeabi_f2d                              0x0800632d   Thumb Code     0  f2d.o(x$fpl$f2d)
    _f2d                                     0x0800632d   Thumb Code    86  f2d.o(x$fpl$f2d)
    __fpl_fnaninf                            0x08006383   Thumb Code   140  fnaninf.o(x$fpl$fnaninf)
    _fp_init                                 0x0800640f   Thumb Code    10  fpinit.o(x$fpl$fpinit)
    __fplib_config_fpu_vfp                   0x08006417   Thumb Code     0  fpinit.o(x$fpl$fpinit)
    __fplib_config_pureend_doubles           0x08006417   Thumb Code     0  fpinit.o(x$fpl$fpinit)
    __fpl_fretinf                            0x08006419   Thumb Code    10  fretinf.o(x$fpl$fretinf)
    __I$use$fp                               0x08006422   Number         0  usenofp.o(x$fpl$usenofp)
    download_cmd                             0x08006422   Data          12  protocol.o(.constdata)
    __mathlib_zero                           0x080064c8   Data           8  qnan.o(.constdata)
    Region$$Table$$Base                      0x080064d0   Number         0  anon$$obj.o(Region$$Table)
    Region$$Table$$Limit                     0x080064f0   Number         0  anon$$obj.o(Region$$Table)
    StartTask_Handler                        0x20000000   Data           4  main.o(.data)
    WifiUartTask_Handler                     0x20000004   Data           4  main.o(.data)
    GpsDateTask_Handler                      0x20000008   Data           4  main.o(.data)
    MoveControlTask_Handler                  0x2000000c   Data           4  main.o(.data)
    adctest                                  0x20000010   Data           2  main.o(.data)
    qmc_data                                 0x20000012   Data           6  main.o(.data)
    USART_FH                                 0x20000018   Data           6  main.o(.data)
    USART_FT                                 0x2000001e   Data           2  main.o(.data)
    buff_len                                 0x20000020   Data           1  main.o(.data)
    device_info                              0x20000021   Data           3  servo_motor.o(.data)
    Kp                                       0x20000028   Data           4  movement.o(.data)
    Ki                                       0x2000002c   Data           4  movement.o(.data)
    Kd                                       0x20000030   Data           4  movement.o(.data)
    standard_speed                           0x20000034   Data           2  movement.o(.data)
    forward_sampling_time_flag               0x20000036   Data           2  movement.o(.data)
    turning_sampling_time_flag               0x20000038   Data           2  movement.o(.data)
    move_state                               0x2000003c   Data          52  movement.o(.data)
    GPS_COMMA                                0x20000070   Data           1  map.o(.data)
    GPS_STOP                                 0x20000071   Data           1  map.o(.data)
    SystemCoreClock                          0x20000074   Data           4  system_gd32f4xx.o(.data)
    rx_buf_in                                0x2000007c   Data           4  system.o(.data)
    rx_buf_out                               0x20000080   Data           4  system.o(.data)
    stop_update_flag                         0x20000084   Data           1  system.o(.data)
    reset_wifi_flag                          0x20000085   Data           1  system.o(.data)
    set_wifimode_flag                        0x20000086   Data           1  system.o(.data)
    wifi_work_state                          0x20000087   Data           1  system.o(.data)
    pxCurrentTCB                             0x2000008c   Data           4  tasks.o(.data)
    uxTopUsedPriority                        0x200000c4   Data           4  tasks.o(.data)
    data_buf                                 0x2000010c   Data         128  main.o(.bss)
    rx_buf                                   0x2000018c   Data         128  main.o(.bss)
    e                                        0x2000020c   Data          16  movement.o(.bss)
    e1                                       0x2000021c   Data          16  movement.o(.bss)
    e2                                       0x2000022c   Data          16  movement.o(.bss)
    uk                                       0x2000023c   Data          16  movement.o(.bss)
    uk1                                      0x2000024c   Data          16  movement.o(.bss)
    duk                                      0x2000025c   Data          16  movement.o(.bss)
    out                                      0x2000026c   Data          16  movement.o(.bss)
    pulse_test                               0x2000027c   Data          16  movement.o(.bss)
    map_point                                0x2000028c   Data         192  map.o(.bss)
    wifi_data_process_buf                    0x2000034c   Data          31  system.o(.bss)
    wifi_uart_rx_buf                         0x2000036b   Data          23  system.o(.bss)
    wifi_uart_tx_buf                         0x20000382   Data          55  system.o(.bss)
    xQueueRegistry                           0x200003bc   Data          64  queue.o(.bss)
    __libspace_start                         0x200130ec   Data          96  libspace.o(.bss)
    __temporary_stack_top$libspace           0x2001314c   Data           0  libspace.o(.bss)



==============================================================================

Memory Map of the image

  Image Entry point : 0x080001ad

  Load Region LR_IROM1 (Base: 0x08000000, Size: 0x000065fc, Max: 0x00300000, ABSOLUTE)

    Execution Region ER_IROM1 (Base: 0x08000000, Size: 0x000064f0, Max: 0x00300000, ABSOLUTE)

    Base Addr    Size         Type   Attr      Idx    E Section Name        Object

    0x08000000   0x000001ac   Data   RO         6239    RESET               startup_gd32f450.o
    0x080001ac   0x00000008   Code   RO         7848  * !!!main             c_w.l(__main.o)
    0x080001b4   0x00000034   Code   RO         8328    !!!scatter          c_w.l(__scatter.o)
    0x080001e8   0x0000001a   Code   RO         8330    !!handler_copy      c_w.l(__scatter_copy.o)
    0x08000202   0x00000002   PAD
    0x08000204   0x0000001c   Code   RO         8332    !!handler_zi        c_w.l(__scatter_zi.o)
    0x08000220   0x00000000   Code   RO         7825    .ARM.Collect$$_printf_percent$$00000000  c_w.l(_printf_percent.o)
    0x08000220   0x00000004   Code   RO         7974    .ARM.Collect$$_printf_percent$$00000017  c_w.l(_printf_percent_end.o)
    0x08000224   0x00000002   Code   RO         8150    .ARM.Collect$$libinit$$00000000  c_w.l(libinit.o)
    0x08000226   0x00000004   Code   RO         8151    .ARM.Collect$$libinit$$00000001  c_w.l(libinit2.o)
    0x0800022a   0x00000000   Code   RO         8154    .ARM.Collect$$libinit$$00000004  c_w.l(libinit2.o)
    0x0800022a   0x00000000   Code   RO         8157    .ARM.Collect$$libinit$$0000000A  c_w.l(libinit2.o)
    0x0800022a   0x00000000   Code   RO         8159    .ARM.Collect$$libinit$$0000000C  c_w.l(libinit2.o)
    0x0800022a   0x00000000   Code   RO         8161    .ARM.Collect$$libinit$$0000000E  c_w.l(libinit2.o)
    0x0800022a   0x00000000   Code   RO         8164    .ARM.Collect$$libinit$$00000011  c_w.l(libinit2.o)
    0x0800022a   0x00000000   Code   RO         8166    .ARM.Collect$$libinit$$00000013  c_w.l(libinit2.o)
    0x0800022a   0x00000000   Code   RO         8168    .ARM.Collect$$libinit$$00000015  c_w.l(libinit2.o)
    0x0800022a   0x00000000   Code   RO         8170    .ARM.Collect$$libinit$$00000017  c_w.l(libinit2.o)
    0x0800022a   0x00000000   Code   RO         8172    .ARM.Collect$$libinit$$00000019  c_w.l(libinit2.o)
    0x0800022a   0x00000000   Code   RO         8174    .ARM.Collect$$libinit$$0000001B  c_w.l(libinit2.o)
    0x0800022a   0x00000000   Code   RO         8176    .ARM.Collect$$libinit$$0000001D  c_w.l(libinit2.o)
    0x0800022a   0x00000000   Code   RO         8178    .ARM.Collect$$libinit$$0000001F  c_w.l(libinit2.o)
    0x0800022a   0x00000000   Code   RO         8180    .ARM.Collect$$libinit$$00000021  c_w.l(libinit2.o)
    0x0800022a   0x00000000   Code   RO         8182    .ARM.Collect$$libinit$$00000023  c_w.l(libinit2.o)
    0x0800022a   0x00000000   Code   RO         8184    .ARM.Collect$$libinit$$00000025  c_w.l(libinit2.o)
    0x0800022a   0x00000000   Code   RO         8188    .ARM.Collect$$libinit$$0000002C  c_w.l(libinit2.o)
    0x0800022a   0x00000000   Code   RO         8190    .ARM.Collect$$libinit$$0000002E  c_w.l(libinit2.o)
    0x0800022a   0x00000000   Code   RO         8192    .ARM.Collect$$libinit$$00000030  c_w.l(libinit2.o)
    0x0800022a   0x00000000   Code   RO         8194    .ARM.Collect$$libinit$$00000032  c_w.l(libinit2.o)
    0x0800022a   0x00000002   Code   RO         8195    .ARM.Collect$$libinit$$00000033  c_w.l(libinit2.o)
    0x0800022c   0x00000002   Code   RO         8260    .ARM.Collect$$libshutdown$$00000000  c_w.l(libshutdown.o)
    0x0800022e   0x00000000   Code   RO         8287    .ARM.Collect$$libshutdown$$00000002  c_w.l(libshutdown2.o)
    0x0800022e   0x00000000   Code   RO         8289    .ARM.Collect$$libshutdown$$00000004  c_w.l(libshutdown2.o)
    0x0800022e   0x00000000   Code   RO         8292    .ARM.Collect$$libshutdown$$00000007  c_w.l(libshutdown2.o)
    0x0800022e   0x00000000   Code   RO         8295    .ARM.Collect$$libshutdown$$0000000A  c_w.l(libshutdown2.o)
    0x0800022e   0x00000000   Code   RO         8297    .ARM.Collect$$libshutdown$$0000000C  c_w.l(libshutdown2.o)
    0x0800022e   0x00000000   Code   RO         8300    .ARM.Collect$$libshutdown$$0000000F  c_w.l(libshutdown2.o)
    0x0800022e   0x00000002   Code   RO         8301    .ARM.Collect$$libshutdown$$00000010  c_w.l(libshutdown2.o)
    0x08000230   0x00000000   Code   RO         7960    .ARM.Collect$$rtentry$$00000000  c_w.l(__rtentry.o)
    0x08000230   0x00000000   Code   RO         8059    .ARM.Collect$$rtentry$$00000002  c_w.l(__rtentry2.o)
    0x08000230   0x00000006   Code   RO         8071    .ARM.Collect$$rtentry$$00000004  c_w.l(__rtentry4.o)
    0x08000236   0x00000000   Code   RO         8061    .ARM.Collect$$rtentry$$00000009  c_w.l(__rtentry2.o)
    0x08000236   0x00000004   Code   RO         8062    .ARM.Collect$$rtentry$$0000000A  c_w.l(__rtentry2.o)
    0x0800023a   0x00000000   Code   RO         8064    .ARM.Collect$$rtentry$$0000000C  c_w.l(__rtentry2.o)
    0x0800023a   0x00000008   Code   RO         8065    .ARM.Collect$$rtentry$$0000000D  c_w.l(__rtentry2.o)
    0x08000242   0x00000002   Code   RO         8198    .ARM.Collect$$rtexit$$00000000  c_w.l(rtexit.o)
    0x08000244   0x00000000   Code   RO         8224    .ARM.Collect$$rtexit$$00000002  c_w.l(rtexit2.o)
    0x08000244   0x00000004   Code   RO         8225    .ARM.Collect$$rtexit$$00000003  c_w.l(rtexit2.o)
    0x08000248   0x00000006   Code   RO         8226    .ARM.Collect$$rtexit$$00000004  c_w.l(rtexit2.o)
    0x0800024e   0x00000002   PAD
    0x08000250   0x000000be   Code   RO         7710    .emb_text           port.o
    0x0800030e   0x00000002   PAD
    0x08000310   0x00000040   Code   RO         6240    .text               startup_gd32f450.o
    0x08000350   0x00000028   Code   RO         7800    .text               c_w.l(noretval__2sprintf.o)
    0x08000378   0x000000b8   Code   RO         7807    .text               c_w.l(__printf_ss.o)
    0x08000430   0x0000003e   Code   RO         7832    .text               c_w.l(strlen.o)
    0x0800046e   0x00000096   Code   RO         7834    .text               c_w.l(strncmp.o)
    0x08000504   0x0000008a   Code   RO         7836    .text               c_w.l(rt_memcpy_v6.o)
    0x0800058e   0x00000010   Code   RO         7840    .text               c_w.l(aeabi_memset.o)
    0x0800059e   0x00000044   Code   RO         7842    .text               c_w.l(rt_memclr.o)
    0x080005e2   0x0000004e   Code   RO         7844    .text               c_w.l(rt_memclr_w.o)
    0x08000630   0x00000006   Code   RO         7846    .text               c_w.l(heapauxi.o)
    0x08000636   0x00000002   PAD
    0x08000638   0x00000030   Code   RO         7970    .text               c_w.l(_printf_char_common.o)
    0x08000668   0x0000000a   Code   RO         7972    .text               c_w.l(_sputc.o)
    0x08000672   0x00000064   Code   RO         7979    .text               c_w.l(rt_memcpy_w.o)
    0x080006d6   0x00000002   PAD
    0x080006d8   0x00000008   Code   RO         8055    .text               c_w.l(libspace.o)
    0x080006e0   0x0000004a   Code   RO         8132    .text               c_w.l(sys_stackheap_outer.o)
    0x0800072a   0x00000012   Code   RO         8141    .text               c_w.l(exit.o)
    0x0800073c   0x0000000c   Code   RO         8248    .text               c_w.l(sys_exit.o)
    0x08000748   0x00000002   Code   RO         8277    .text               c_w.l(use_no_semi.o)
    0x0800074a   0x00000000   Code   RO         8279    .text               c_w.l(indicate_semi.o)
    0x0800074a   0x00000004   Code   RO            3    i.BusFault_Handler  gd32f4xx_it.o
    0x0800074e   0x00000002   Code   RO            4    i.DebugMon_Handler  gd32f4xx_it.o
    0x08000750   0x00000020   Code   RO            5    i.EXTI0_IRQHandler  gd32f4xx_it.o
    0x08000770   0x00000020   Code   RO            6    i.EXTI1_IRQHandler  gd32f4xx_it.o
    0x08000790   0x00000020   Code   RO            7    i.EXTI2_IRQHandler  gd32f4xx_it.o
    0x080007b0   0x00000020   Code   RO            8    i.EXTI3_IRQHandler  gd32f4xx_it.o
    0x080007d0   0x00000004   Code   RO            9    i.HardFault_Handler  gd32f4xx_it.o
    0x080007d4   0x0000005c   Code   RO          604    i.IIC_Ack           qmc5883l.o
    0x08000830   0x0000005c   Code   RO          605    i.IIC_NAck          qmc5883l.o
    0x0800088c   0x0000006a   Code   RO          606    i.IIC_ReadMulByte   qmc5883l.o
    0x080008f6   0x00000002   PAD
    0x080008f8   0x00000068   Code   RO          607    i.IIC_Read_Byte     qmc5883l.o
    0x08000960   0x00000084   Code   RO          608    i.IIC_Send_Byte     qmc5883l.o
    0x080009e4   0x00000050   Code   RO          609    i.IIC_Start         qmc5883l.o
    0x08000a34   0x00000058   Code   RO          610    i.IIC_Stop          qmc5883l.o
    0x08000a8c   0x00000070   Code   RO          611    i.IIC_Wait_Ack      qmc5883l.o
    0x08000afc   0x0000003e   Code   RO          613    i.IIC_Write_Byte    qmc5883l.o
    0x08000b3a   0x00000002   PAD
    0x08000b3c   0x00000048   Code   RO          614    i.IIC_init          qmc5883l.o
    0x08000b84   0x00000004   Code   RO           10    i.MemManage_Handler  gd32f4xx_it.o
    0x08000b88   0x00000002   Code   RO           11    i.NMI_Handler       gd32f4xx_it.o
    0x08000b8a   0x00000002   PAD
    0x08000b8c   0x00000028   Code   RO          347    i.NVIC_SetPriority  systick.o
    0x08000bb4   0x00000170   Code   RO          615    i.QMC5883L_GetAngle  qmc5883l.o
    0x08000d24   0x000000ac   Code   RO          616    i.QMC_Init          qmc5883l.o
    0x08000dd0   0x00000034   Code   RO         7711    i.SysTick_Handler   port.o
    0x08000e04   0x00000084   Code   RO          730    i.SystemInit        system_gd32f4xx.o
    0x08000e88   0x00000030   Code   RO           12    i.USART0_IRQHandler  gd32f4xx_it.o
    0x08000eb8   0x000000b8   Code   RO          239    i.USART1_IRQHandler  main.o
    0x08000f70   0x00000004   Code   RO           13    i.UsageFault_Handler  gd32f4xx_it.o
    0x08000f74   0x00000030   Code   RO         8039    i.__ARM_fpclassify  m_wm.l(fpclassify.o)
    0x08000fa4   0x00000004   PAD
    0x08000fa8   0x000002d8   Code   RO         8002    i.__hardfp_atan     m_wm.l(atan.o)
    0x08001280   0x000001f0   Code   RO         7888    i.__hardfp_atan2    m_wm.l(atan2.o)
    0x08001470   0x000000f8   Code   RO         8041    i.__kernel_poly     m_wm.l(poly.o)
    0x08001568   0x00000014   Code   RO         8020    i.__mathlib_dbl_infnan  m_wm.l(dunder.o)
    0x0800157c   0x00000014   Code   RO         8021    i.__mathlib_dbl_infnan2  m_wm.l(dunder.o)
    0x08001590   0x00000020   Code   RO         8025    i.__mathlib_dbl_underflow  m_wm.l(dunder.o)
    0x080015b0   0x00000034   Code   RO         6426    i.all_data_update   protocol.o
    0x080015e4   0x0000005c   Code   RO          490    i.angle_correction  movement.o
    0x08001640   0x00000010   Code   RO         8004    i.atan              m_wm.l(atan.o)
    0x08001650   0x00000068   Code   RO          390    i.blade_position_set  servo_motor.o
    0x080016b8   0x00000060   Code   RO          391    i.blade_speed_set   servo_motor.o
    0x08001718   0x0000001a   Code   RO         6246    i.byte_to_int       mcu_api.o
    0x08001732   0x00000002   PAD
    0x08001734   0x00000098   Code   RO          392    i.car_full_turn     servo_motor.o
    0x080017cc   0x00000138   Code   RO          394    i.car_moving        servo_motor.o
    0x08001904   0x00000040   Code   RO          491    i.change_to_do      movement.o
    0x08001944   0x000000e4   Code   RO         6513    i.data_handle       system.o
    0x08001a28   0x0000004c   Code   RO         6514    i.data_point_handle  system.o
    0x08001a74   0x00000018   Code   RO          617    i.delay_us          qmc5883l.o
    0x08001a8c   0x00000050   Code   RO         6427    i.dp_download_blade_position_handle  protocol.o
    0x08001adc   0x00000040   Code   RO         6428    i.dp_download_blade_speed_handle  protocol.o
    0x08001b1c   0x00000040   Code   RO         6429    i.dp_download_bow_mode_switch_handle  protocol.o
    0x08001b5c   0x000000ac   Code   RO         6430    i.dp_download_direction_control_handle  protocol.o
    0x08001c08   0x0000006e   Code   RO         6431    i.dp_download_handle  protocol.o
    0x08001c76   0x00000002   PAD
    0x08001c78   0x00000038   Code   RO         6432    i.dp_download_length_handle  protocol.o
    0x08001cb0   0x00000038   Code   RO         6435    i.dp_download_width_handle  protocol.o
    0x08001ce8   0x000000bc   Code   RO         2875    i.exti_init         gd32f4xx_exti.o
    0x08001da4   0x0000000c   Code   RO         2878    i.exti_interrupt_flag_clear  gd32f4xx_exti.o
    0x08001db0   0x00000024   Code   RO         2879    i.exti_interrupt_flag_get  gd32f4xx_exti.o
    0x08001dd4   0x00000018   Code   RO         8035    i.fabs              m_wm.l(fabs.o)
    0x08001dec   0x0000011c   Code   RO          492    i.forward_correction  movement.o
    0x08001f08   0x0000001c   Code   RO         6515    i.get_check_sum     system.o
    0x08001f24   0x0000002c   Code   RO         6516    i.get_dowmload_dpid_index  system.o
    0x08001f50   0x00000004   Code   RO         6436    i.get_download_cmd_total  protocol.o
    0x08001f54   0x00000010   Code   RO         6517    i.get_mcu_wifi_mode  system.o
    0x08001f64   0x0000005e   Code   RO         3230    i.gpio_af_set       gd32f4xx_gpio.o
    0x08001fc2   0x00000004   Code   RO         3231    i.gpio_bit_reset    gd32f4xx_gpio.o
    0x08001fc6   0x00000004   Code   RO         3232    i.gpio_bit_set      gd32f4xx_gpio.o
    0x08001fca   0x00000010   Code   RO         3236    i.gpio_input_bit_get  gd32f4xx_gpio.o
    0x08001fda   0x0000004e   Code   RO         3238    i.gpio_mode_set     gd32f4xx_gpio.o
    0x08002028   0x00000042   Code   RO         3240    i.gpio_output_options_set  gd32f4xx_gpio.o
    0x0800206a   0x00000002   PAD
    0x0800206c   0x000000b0   Code   RO          550    i.gps_data_pick     map.o
    0x0800211c   0x00000030   Code   RO          240    i.gps_data_task     main.o
    0x0800214c   0x00000038   Code   RO         6518    i.heat_beat_check   system.o
    0x08002184   0x0000001c   Code   RO          618    i.log_write_data    qmc5883l.o
    0x080021a0   0x0000003c   Code   RO          242    i.main              main.o
    0x080021dc   0x00000064   Code   RO         6249    i.mcu_dp_bool_update  mcu_api.o
    0x08002240   0x00000058   Code   RO         6250    i.mcu_dp_enum_update  mcu_api.o
    0x08002298   0x00000078   Code   RO         6254    i.mcu_dp_value_update  mcu_api.o
    0x08002310   0x00000006   Code   RO         6255    i.mcu_get_dp_download_bool  mcu_api.o
    0x08002316   0x00000006   Code   RO         6256    i.mcu_get_dp_download_enum  mcu_api.o
    0x0800231c   0x0000000e   Code   RO         6257    i.mcu_get_dp_download_value  mcu_api.o
    0x0800232a   0x00000002   PAD
    0x0800232c   0x00000080   Code   RO          243    i.move_control_task  main.o
    0x080023ac   0x00000164   Code   RO          493    i.movement_logic_handle  movement.o
    0x08002510   0x000000cc   Code   RO          494    i.movement_system_init  movement.o
    0x080025dc   0x00000044   Code   RO         6264    i.my_memcpy         mcu_api.o
    0x08002620   0x0000001c   Code   RO         6268    i.my_strlen         mcu_api.o
    0x0800263c   0x000000c4   Code   RO         3803    i.nvic_irq_enable   gd32f4xx_misc.o
    0x08002700   0x00000014   Code   RO         3804    i.nvic_priority_group_set  gd32f4xx_misc.o
    0x08002714   0x000000e0   Code   RO         6519    i.product_info_update  system.o
    0x080027f4   0x00000098   Code   RO         7132    i.prvAddCurrentTaskToDelayedList  tasks.o
    0x0800288c   0x000000b8   Code   RO         7133    i.prvAddNewTaskToReadyList  tasks.o
    0x08002944   0x00000064   Code   RO         7496    i.prvCheckForValidListAndQueue  timers.o
    0x080029a8   0x00000048   Code   RO         7134    i.prvCheckTasksWaitingTermination  tasks.o
    0x080029f0   0x0000002a   Code   RO         6758    i.prvCopyDataFromQueue  queue.o
    0x08002a1a   0x0000007e   Code   RO         6759    i.prvCopyDataToQueue  queue.o
    0x08002a98   0x00000012   Code   RO         7135    i.prvDeleteTCB      tasks.o
    0x08002aaa   0x00000002   PAD
    0x08002aac   0x00000028   Code   RO         7497    i.prvGetNextExpireTime  timers.o
    0x08002ad4   0x0000007c   Code   RO         7653    i.prvHeapInit       heap_4.o
    0x08002b50   0x00000028   Code   RO         7136    i.prvIdleTask       tasks.o
    0x08002b78   0x0000002a   Code   RO         6762    i.prvInitialiseNewQueue  queue.o
    0x08002ba2   0x000000be   Code   RO         7137    i.prvInitialiseNewTask  tasks.o
    0x08002c60   0x00000068   Code   RO         7138    i.prvInitialiseTaskLists  tasks.o
    0x08002cc8   0x00000068   Code   RO         7654    i.prvInsertBlockIntoFreeList  heap_4.o
    0x08002d30   0x00000058   Code   RO         7499    i.prvInsertTimerInActiveList  timers.o
    0x08002d88   0x0000001a   Code   RO         6763    i.prvIsQueueEmpty   queue.o
    0x08002da2   0x0000001e   Code   RO         6764    i.prvIsQueueFull    queue.o
    0x08002dc0   0x00000074   Code   RO         7500    i.prvProcessExpiredTimer  timers.o
    0x08002e34   0x00000138   Code   RO         7501    i.prvProcessReceivedCommands  timers.o
    0x08002f6c   0x00000074   Code   RO         7502    i.prvProcessTimerOrBlockTask  timers.o
    0x08002fe0   0x00000030   Code   RO         7140    i.prvResetNextTaskUnblockTime  tasks.o
    0x08003010   0x0000002c   Code   RO         7503    i.prvSampleTimeNow  timers.o
    0x0800303c   0x000000a4   Code   RO         7504    i.prvSwitchTimerLists  timers.o
    0x080030e0   0x00000040   Code   RO         7712    i.prvTaskExitError  port.o
    0x08003120   0x0000001a   Code   RO         7505    i.prvTimerTask      timers.o
    0x0800313a   0x0000007e   Code   RO         6765    i.prvUnlockQueue    queue.o
    0x080031b8   0x0000002c   Code   RO          495    i.pulse_to_distance  movement.o
    0x080031e4   0x0000016c   Code   RO         7655    i.pvPortMalloc      heap_4.o
    0x08003350   0x0000002c   Code   RO         7713    i.pxPortInitialiseStack  port.o
    0x0800337c   0x00000124   Code   RO         4002    i.rcu_clock_freq_get  gd32f4xx_rcu.o
    0x080034a0   0x00000024   Code   RO         4021    i.rcu_periph_clock_enable  gd32f4xx_rcu.o
    0x080034c4   0x00000024   Code   RO         4024    i.rcu_periph_reset_disable  gd32f4xx_rcu.o
    0x080034e8   0x00000024   Code   RO         4025    i.rcu_periph_reset_enable  gd32f4xx_rcu.o
    0x0800350c   0x00000024   Code   RO         4037    i.rcu_timer_clock_prescaler_config  gd32f4xx_rcu.o
    0x08003530   0x0000016c   Code   RO          395    i.servo_motor_init  servo_motor.o
    0x0800369c   0x00000028   Code   RO         6520    i.set_wifi_uart_buffer  system.o
    0x080036c4   0x00000010   Code   RO         6521    i.set_wifi_uart_byte  system.o
    0x080036d4   0x00000054   Code   RO          396    i.single_motor_speed_set  servo_motor.o
    0x08003728   0x000000a8   Code   RO          244    i.start_task        main.o
    0x080037d0   0x000000ac   Code   RO         5098    i.syscfg_exti_line_config  gd32f4xx_syscfg.o
    0x0800387c   0x000000fc   Code   RO          731    i.system_clock_200m_25m_hxtal  system_gd32f4xx.o
    0x08003978   0x00000008   Code   RO          732    i.system_clock_config  system_gd32f4xx.o
    0x08003980   0x0000003c   Code   RO          245    i.system_init       main.o
    0x080039bc   0x00000050   Code   RO          350    i.systick_config    systick.o
    0x08003a0c   0x0000003c   Code   RO         6522    i.take_byte_rxbuff  system.o
    0x08003a48   0x0000000a   Code   RO         5156    i.timer_auto_reload_shadow_enable  gd32f4xx_timer.o
    0x08003a52   0x00000002   PAD
    0x08003a54   0x000001ec   Code   RO         5173    i.timer_channel_output_config  gd32f4xx_timer.o
    0x08003c40   0x0000005a   Code   RO         5175    i.timer_channel_output_mode_config  gd32f4xx_timer.o
    0x08003c9a   0x00000026   Code   RO         5177    i.timer_channel_output_pulse_value_config  gd32f4xx_timer.o
    0x08003cc0   0x0000005a   Code   RO         5178    i.timer_channel_output_shadow_config  gd32f4xx_timer.o
    0x08003d1a   0x00000010   Code   RO         5180    i.timer_channel_output_struct_para_init  gd32f4xx_timer.o
    0x08003d2a   0x00000002   PAD
    0x08003d2c   0x0000013c   Code   RO          397    i.timer_config      servo_motor.o
    0x08003e68   0x00000184   Code   RO         5187    i.timer_deinit      gd32f4xx_timer.o
    0x08003fec   0x0000000a   Code   RO         5192    i.timer_enable      gd32f4xx_timer.o
    0x08003ff6   0x00000002   PAD
    0x08003ff8   0x00000098   Code   RO         5202    i.timer_init        gd32f4xx_timer.o
    0x08004090   0x00000016   Code   RO         5222    i.timer_struct_para_init  gd32f4xx_timer.o
    0x080040a6   0x00000002   PAD
    0x080040a8   0x00000150   Code   RO          496    i.todo_judge        movement.o
    0x080041f8   0x0000012c   Code   RO          458    i.uart_init         uart.o
    0x08004324   0x00000058   Code   RO         6270    i.uart_receive_input  mcu_api.o
    0x0800437c   0x0000000c   Code   RO         6437    i.uart_transmit_output  protocol.o
    0x08004388   0x00000020   Code   RO          459    i.usart0_sendbyte   uart.o
    0x080043a8   0x00000020   Code   RO          460    i.usart1_sendbyte   uart.o
    0x080043c8   0x000000e8   Code   RO         5840    i.usart_baudrate_set  gd32f4xx_usart.o
    0x080044b0   0x0000000a   Code   RO         5844    i.usart_data_receive  gd32f4xx_usart.o
    0x080044ba   0x00000008   Code   RO         5845    i.usart_data_transmit  gd32f4xx_usart.o
    0x080044c2   0x00000002   PAD
    0x080044c4   0x000000dc   Code   RO         5846    i.usart_deinit      gd32f4xx_usart.o
    0x080045a0   0x0000000a   Code   RO         5850    i.usart_enable      gd32f4xx_usart.o
    0x080045aa   0x0000001e   Code   RO         5852    i.usart_flag_get    gd32f4xx_usart.o
    0x080045c8   0x0000001a   Code   RO         5860    i.usart_interrupt_enable  gd32f4xx_usart.o
    0x080045e2   0x00000038   Code   RO         5862    i.usart_interrupt_flag_get  gd32f4xx_usart.o
    0x0800461a   0x00000010   Code   RO         5877    i.usart_receive_config  gd32f4xx_usart.o
    0x0800462a   0x00000010   Code   RO         5892    i.usart_transmit_config  gd32f4xx_usart.o
    0x0800463a   0x00000028   Code   RO         6721    i.uxListRemove      list.o
    0x08004662   0x0000001a   Code   RO         6722    i.vListInitialise   list.o
    0x0800467c   0x00000006   Code   RO         6723    i.vListInitialiseItem  list.o
    0x08004682   0x00000034   Code   RO         6724    i.vListInsert       list.o
    0x080046b6   0x00000018   Code   RO         6725    i.vListInsertEnd    list.o
    0x080046ce   0x00000002   PAD
    0x080046d0   0x00000054   Code   RO         7715    i.vPortEnterCritical  port.o
    0x08004724   0x0000003c   Code   RO         7716    i.vPortExitCritical  port.o
    0x08004760   0x000000a4   Code   RO         7656    i.vPortFree         heap_4.o
    0x08004804   0x00000028   Code   RO         7717    i.vPortSetupTimerInterrupt  port.o
    0x0800482c   0x00000078   Code   RO         7718    i.vPortValidateInterruptPriority  port.o
    0x080048a4   0x0000002c   Code   RO         6771    i.vQueueAddToRegistry  queue.o
    0x080048d0   0x0000004a   Code   RO         6775    i.vQueueWaitForMessageRestricted  queue.o
    0x0800491a   0x00000002   PAD
    0x0800491c   0x0000005c   Code   RO         7152    i.vTaskDelay        tasks.o
    0x08004978   0x000000f4   Code   RO         7153    i.vTaskDelete       tasks.o
    0x08004a6c   0x00000018   Code   RO         7157    i.vTaskInternalSetTimeOutState  tasks.o
    0x08004a84   0x0000000c   Code   RO         7158    i.vTaskMissedYield  tasks.o
    0x08004a90   0x00000038   Code   RO         7159    i.vTaskPlaceOnEventList  tasks.o
    0x08004ac8   0x00000040   Code   RO         7160    i.vTaskPlaceOnEventListRestricted  tasks.o
    0x08004b08   0x0000009c   Code   RO         7168    i.vTaskStartScheduler  tasks.o
    0x08004ba4   0x00000010   Code   RO         7170    i.vTaskSuspendAll   tasks.o
    0x08004bb4   0x0000008c   Code   RO         7171    i.vTaskSwitchContext  tasks.o
    0x08004c40   0x0000002c   Code   RO         6271    i.wifi_protocol_init  mcu_api.o
    0x08004c6c   0x00000008   Code   RO         6438    i.wifi_test_result  protocol.o
    0x08004c74   0x000000f8   Code   RO         6272    i.wifi_uart_service  mcu_api.o
    0x08004d6c   0x00000010   Code   RO          246    i.wifi_uart_task    main.o
    0x08004d7c   0x00000024   Code   RO         6523    i.wifi_uart_write_data  system.o
    0x08004da0   0x00000048   Code   RO         6524    i.wifi_uart_write_frame  system.o
    0x08004de8   0x0000001c   Code   RO         6525    i.with_data_rxbuff  system.o
    0x08004e04   0x00000190   Code   RO         7719    i.xPortStartScheduler  port.o
    0x08004f94   0x000000a2   Code   RO         6778    i.xQueueGenericCreate  queue.o
    0x08005036   0x00000002   PAD
    0x08005038   0x00000098   Code   RO         6779    i.xQueueGenericReset  queue.o
    0x080050d0   0x000001a8   Code   RO         6780    i.xQueueGenericSend  queue.o
    0x08005278   0x00000120   Code   RO         6781    i.xQueueGenericSendFromISR  queue.o
    0x08005398   0x00000168   Code   RO         6788    i.xQueueReceive     queue.o
    0x08005500   0x00000090   Code   RO         7173    i.xTaskCheckForTimeOut  tasks.o
    0x08005590   0x00000060   Code   RO         7174    i.xTaskCreate       tasks.o
    0x080055f0   0x00000020   Code   RO         7181    i.xTaskGetSchedulerState  tasks.o
    0x08005610   0x0000000c   Code   RO         7182    i.xTaskGetTickCount  tasks.o
    0x0800561c   0x00000148   Code   RO         7184    i.xTaskIncrementTick  tasks.o
    0x08005764   0x000000bc   Code   RO         7185    i.xTaskPriorityDisinherit  tasks.o
    0x08005820   0x00000098   Code   RO         7187    i.xTaskRemoveFromEventList  tasks.o
    0x080058b8   0x00000104   Code   RO         7188    i.xTaskResumeAll    tasks.o
    0x080059bc   0x00000058   Code   RO         7513    i.xTimerCreateTimerTask  timers.o
    0x08005a14   0x00000084   Code   RO         7514    i.xTimerGenericCommand  timers.o
    0x08005a98   0x00000018   Code   RO         7981    x$fpl$basic         fz_wm.l(basic.o)
    0x08005ab0   0x00000062   Code   RO         7850    x$fpl$d2f           fz_wm.l(d2f.o)
    0x08005b12   0x00000002   PAD
    0x08005b14   0x00000150   Code   RO         7852    x$fpl$dadd          fz_wm.l(daddsub_clz.o)
    0x08005c64   0x000002b0   Code   RO         7859    x$fpl$ddiv          fz_wm.l(ddiv.o)
    0x08005f14   0x0000002e   Code   RO         7863    x$fpl$dflt          fz_wm.l(dflt_clz.o)
    0x08005f42   0x00000002   PAD
    0x08005f44   0x00000154   Code   RO         7868    x$fpl$dmul          fz_wm.l(dmul.o)
    0x08006098   0x0000009c   Code   RO         7985    x$fpl$dnaninf       fz_wm.l(dnaninf.o)
    0x08006134   0x0000000c   Code   RO         7987    x$fpl$dretinf       fz_wm.l(dretinf.o)
    0x08006140   0x00000016   Code   RO         7853    x$fpl$drsb          fz_wm.l(daddsub_clz.o)
    0x08006156   0x00000002   PAD
    0x08006158   0x000001d4   Code   RO         7854    x$fpl$dsub          fz_wm.l(daddsub_clz.o)
    0x0800632c   0x00000056   Code   RO         7870    x$fpl$f2d           fz_wm.l(f2d.o)
    0x08006382   0x0000008c   Code   RO         7995    x$fpl$fnaninf       fz_wm.l(fnaninf.o)
    0x0800640e   0x0000000a   Code   RO         8205    x$fpl$fpinit        fz_wm.l(fpinit.o)
    0x08006418   0x0000000a   Code   RO         7997    x$fpl$fretinf       fz_wm.l(fretinf.o)
    0x08006422   0x00000000   Code   RO         8001    x$fpl$usenofp       fz_wm.l(usenofp.o)
    0x08006422   0x0000000c   Data   RO         6439    .constdata          protocol.o
    0x0800642e   0x00000002   PAD
    0x08006430   0x00000098   Data   RO         8005    .constdata          m_wm.l(atan.o)
    0x080064c8   0x00000008   Data   RO         8043    .constdata          m_wm.l(qnan.o)
    0x080064d0   0x00000020   Data   RO         8326    Region$$Table       anon$$obj.o


    Execution Region RW_IRAM1 (Base: 0x20000000, Size: 0x00013950, Max: 0x00030000, ABSOLUTE)

    Base Addr    Size         Type   Attr      Idx    E Section Name        Object

    0x20000000   0x00000021   Data   RW          248    .data               main.o
    0x20000021   0x00000003   Data   RW          398    .data               servo_motor.o
    0x20000024   0x0000004c   Data   RW          498    .data               movement.o
    0x20000070   0x00000002   Data   RW          553    .data               map.o
    0x20000072   0x00000002   PAD
    0x20000074   0x00000004   Data   RW          733    .data               system_gd32f4xx.o
    0x20000078   0x00000002   Data   RW         6273    .data               mcu_api.o
    0x2000007a   0x00000002   PAD
    0x2000007c   0x0000000d   Data   RW         6527    .data               system.o
    0x20000089   0x00000003   PAD
    0x2000008c   0x00000040   Data   RW         7191    .data               tasks.o
    0x200000cc   0x00000014   Data   RW         7520    .data               timers.o
    0x200000e0   0x00000020   Data   RW         7662    .data               heap_4.o
    0x20000100   0x0000000c   Data   RW         7720    .data               port.o
    0x2000010c   0x00000100   Zero   RW          247    .bss                main.o
    0x2000020c   0x00000080   Zero   RW          497    .bss                movement.o
    0x2000028c   0x000000c0   Zero   RW          552    .bss                map.o
    0x2000034c   0x0000006d   Zero   RW         6526    .bss                system.o
    0x200003b9   0x00000003   PAD
    0x200003bc   0x00000040   Zero   RW         6792    .bss                queue.o
    0x200003fc   0x000000c8   Zero   RW         7190    .bss                tasks.o
    0x200004c4   0x00000028   Zero   RW         7519    .bss                timers.o
    0x200004ec   0x00012c00   Zero   RW         7661    .bss                heap_4.o
    0x200130ec   0x00000060   Zero   RW         8056    .bss                c_w.l(libspace.o)
    0x2001314c   0x00000004   PAD
    0x20013150   0x00000400   Zero   RW         6238    HEAP                startup_gd32f450.o
    0x20013550   0x00000400   Zero   RW         6237    STACK               startup_gd32f450.o


==============================================================================

Image component sizes


      Code (inc. data)   RO Data    RW Data    ZI Data      Debug   Object Name

         0          0          0          0          0      11168   event_groups.o
       236         14          0          0          0       2054   gd32f4xx_exti.o
       262          0          0          0          0       4345   gd32f4xx_gpio.o
       196         26          0          0          0      70503   gd32f4xx_it.o
       216         20          0          0          0       1480   gd32f4xx_misc.o
       436         44          0          0          0       4175   gd32f4xx_rcu.o
       172          6          0          0          0        778   gd32f4xx_syscfg.o
      1308         52          0          0          0       7398   gd32f4xx_timer.o
       624         18          0          0          0       6910   gd32f4xx_usart.o
       756         74          0         32      76800       4335   heap_4.o
       148          0          0          0          0       3122   list.o
       664        148          0         33        256      23556   main.o
       176         10          0          2        192       6214   map.o
       836         58          0          2          0       7810   mcu_api.o
      1380        102          0         76        128       6200   movement.o
      1054         90          0         12          0      11249   port.o
       678         46         12          0          0       7849   protocol.o
      1532        126          0          0          0       9016   qmc5883l.o
      1896         20          0          0         64      15530   queue.o
      1428         54          0          3          0       5333   servo_motor.o
        64         26        428          0       2048        860   startup_gd32f450.o
       924        146          0         13        109       9906   system.o
       392         28          0          4          0       2499   system_gd32f4xx.o
       120         14          0          0          0      27400   systick.o
      2824        394          0         64        200      27066   tasks.o
      1226        116          0         20         40      22779   timers.o
       364         24          0          0          0       1588   uart.o

    ----------------------------------------------------------------------
     19946       1656        474        268      79840     301123   Object Totals
         0          0         32          0          0          0   (incl. Generated)
        34          0          2          7          3          0   (incl. Padding)

    ----------------------------------------------------------------------

      Code (inc. data)   RO Data    RW Data    ZI Data      Debug   Library Member Name

         8          0          0          0          0         68   __main.o
       184          0          0          0          0         84   __printf_ss.o
         0          0          0          0          0          0   __rtentry.o
        12          0          0          0          0          0   __rtentry2.o
         6          0          0          0          0          0   __rtentry4.o
        52          8          0          0          0          0   __scatter.o
        26          0          0          0          0          0   __scatter_copy.o
        28          0          0          0          0          0   __scatter_zi.o
        48          6          0          0          0         96   _printf_char_common.o
         0          0          0          0          0          0   _printf_percent.o
         4          0          0          0          0          0   _printf_percent_end.o
        10          0          0          0          0         68   _sputc.o
        16          0          0          0          0         68   aeabi_memset.o
        18          0          0          0          0         80   exit.o
         6          0          0          0          0        152   heapauxi.o
         0          0          0          0          0          0   indicate_semi.o
         2          0          0          0          0          0   libinit.o
         6          0          0          0          0          0   libinit2.o
         2          0          0          0          0          0   libshutdown.o
         2          0          0          0          0          0   libshutdown2.o
         8          4          0          0         96         68   libspace.o
        40          6          0          0          0         84   noretval__2sprintf.o
        68          0          0          0          0         68   rt_memclr.o
        78          0          0          0          0         80   rt_memclr_w.o
       138          0          0          0          0         68   rt_memcpy_v6.o
       100          0          0          0          0         80   rt_memcpy_w.o
         2          0          0          0          0          0   rtexit.o
        10          0          0          0          0          0   rtexit2.o
        62          0          0          0          0         76   strlen.o
       150          0          0          0          0         80   strncmp.o
        12          4          0          0          0         68   sys_exit.o
        74          0          0          0          0         80   sys_stackheap_outer.o
         2          0          0          0          0         68   use_no_semi.o
        24          0          0          0          0        164   basic.o
        98          4          0          0          0        140   d2f.o
       826         16          0          0          0        492   daddsub_clz.o
       688        140          0          0          0        256   ddiv.o
        46          0          0          0          0        116   dflt_clz.o
       340         12          0          0          0        152   dmul.o
       156          4          0          0          0        140   dnaninf.o
        12          0          0          0          0        116   dretinf.o
        86          4          0          0          0        132   f2d.o
       140          4          0          0          0        132   fnaninf.o
        10          0          0          0          0        116   fpinit.o
        10          0          0          0          0        116   fretinf.o
         0          0          0          0          0          0   usenofp.o
       744        106        152          0          0        352   atan.o
       496         64          0          0          0        192   atan2.o
        72          8          0          0          0        372   dunder.o
        24          0          0          0          0        124   fabs.o
        48          0          0          0          0        124   fpclassify.o
       248          0          0          0          0        152   poly.o
         0          0          8          0          0          0   qnan.o

    ----------------------------------------------------------------------
      5260        390        160          0        100       4824   Library Totals
        18          0          0          0          4          0   (incl. Padding)

    ----------------------------------------------------------------------

      Code (inc. data)   RO Data    RW Data    ZI Data      Debug   Library Name

      1174         28          0          0         96       1436   c_w.l
      2436        184          0          0          0       2072   fz_wm.l
      1632        178        160          0          0       1316   m_wm.l

    ----------------------------------------------------------------------
      5260        390        160          0        100       4824   Library Totals

    ----------------------------------------------------------------------

==============================================================================


      Code (inc. data)   RO Data    RW Data    ZI Data      Debug   

     25206       2046        634        268      79940     284119   Grand Totals
     25206       2046        634        268      79940     284119   ELF Image Totals
     25206       2046        634        268          0          0   ROM Totals

==============================================================================

    Total RO  Size (Code + RO Data)                25840 (  25.23kB)
    Total RW  Size (RW Data + ZI Data)             80208 (  78.33kB)
    Total ROM Size (Code + RO Data + RW Data)      26108 (  25.50kB)

==============================================================================

