<html>
<body>
<pre>
<h1>µVision Build Log</h1>
<h2>Tool Versions:</h2>
IDE-Version: ¦ÌVision V5.23.0.0
Copyright (C) 2017 ARM Ltd and ARM Germany GmbH. All rights reserved.
License Information: zgw z, z, LIC=S5IBS-LSIX8-ZB9EA-1YIH1-B1KV8-93PFX
 
Tool Versions:
Toolchain:       MDK-ARM Professional  Version: 5.23
Toolchain Path:  D:\keil5\ARM\ARMCC\Bin
C Compiler:      Armcc.exe V5.06 update 4 (build 422)
Assembler:       Armasm.exe V5.06 update 4 (build 422)
Linker/Locator:  ArmLink.exe V5.06 update 4 (build 422)
Library Manager: ArmAr.exe V5.06 update 4 (build 422)
Hex Converter:   FromElf.exe V5.06 update 4 (build 422)
CPU DLL:         SARMCM3.DLL V5.23
Dialog DLL:      DCM.DLL V1.15.0.0
Target DLL:      Segger\JL2CM3.dll V2.99.23.0
Dialog DLL:      TCM.DLL V1.27.0.0
 
<h2>Project:</h2>
D:\GD32_lawn_mower\MDK-ARM\smart_grass_cutter.uvprojx
Project File Date:  06/24/2021

<h2>Output:</h2>
*** Using Compiler 'V5.06 update 4 (build 422)', folder: 'D:\keil5\ARM\ARMCC\Bin'
Rebuild target 'Target 1'
compiling uart.c...
compiling gd32f4xx_it.c...
compiling systick.c...
compiling map.c...
..\User\map.c(125): warning:  #940-D: missing return statement at end of non-void function "gps_data_pick" 
  }
..\User\map.c: 1 warning, 0 errors
compiling movement.c...
..\User\movement.c(25): warning:  #188-D: enumerated type mixed with another type
  	          .run_step_flag = 0,
..\User\movement.c(194): warning:  #940-D: missing return statement at end of non-void function "angle_correction" 
  }
..\User\movement.c(287): warning:  #1-D: last line of file ends without a newline
  }
..\User\movement.c: 3 warnings, 0 errors
compiling main.c...
..\User\battery_detection.h(9): warning:  #1-D: last line of file ends without a newline
  #endif
..\User\main.c(144): warning:  #550-D: variable "p"  was set but never used
      MAP_POINT_t *p;
..\User\main.c(160): warning:  #177-D: variable "data_buff"  was declared but never referenced
      uint8_t data_buff[100] = {0};
..\User\main.c(162): warning:  #177-D: variable "test"  was declared but never referenced
  		i16_xyz test;
..\User\main.c(204): warning:  #167-D: argument of type "uint8_t *" is incompatible with parameter of type "const char *"
  								if(strncmp(&rx_buf[buff_len-2],(char*)USART_FT,
SART_FT_len) == 0) {
..\User\main.c(52): warning:  #177-D: function "log_write_data"  was declared but never referenced
  static void log_write_data(unsigned char *in, unsigned short len)
..\User\main.c: 6 warnings, 0 errors
compiling servo_motor.c...
..\User\servo_motor.c(416): warning:  #1-D: last line of file ends without a newline
  }
..\User\servo_motor.c: 1 warning, 0 errors
compiling system_gd32f4xx.c...
compiling battery_detection.c...
..\User\battery_detection.h(9): warning:  #1-D: last line of file ends without a newline
  #endif
..\User\battery_detection.c: 1 warning, 0 errors
compiling gd32f4xx_crc.c...
compiling QMC5883L.c...
..\User\QMC5883L.c(51): warning:  #223-D: function "usart1_sendbyte" declared implicitly
          usart1_sendbyte(*in);
..\User\QMC5883L.c(174): warning:  #223-D: function "sprintf" declared implicitly
  				sprintf((char*)data_buff,"QMC5883L_OK\r\n");
..\User\QMC5883L.c(179): warning:  #223-D: function "sprintf" declared implicitly
  			  sprintf((char*)data_buff,"QMC5883L_ERROR\r\n");
..\User\QMC5883L.c(204): warning:  #1035-D: single-precision operand implicitly converted to double-precision
  				data->x = data->x*0.8+ 0.2*current_angle;
..\User\QMC5883L.c(204): warning:  #1035-D: single-precision operand implicitly converted to double-precision
  				data->x = data->x*0.8+ 0.2*current_angle;
..\User\QMC5883L.c(186): warning:  #177-D: variable "data_buff"  was declared but never referenced
  		uint8_t data_buff[100] = {0};
..\User\QMC5883L.c(339): warning:  #1-D: last line of file ends without a newline
   
..\User\QMC5883L.c: 7 warnings, 0 errors
compiling gd32f4xx_ctc.c...
compiling gd32f4xx_can.c...
compiling gd32f4xx_adc.c...
compiling gd32f4xx_dbg.c...
compiling gd32f4xx_dci.c...
compiling gd32f4xx_dac.c...
compiling gd32f4xx_dma.c...
compiling gd32f4xx_exmc.c...
compiling gd32f4xx_exti.c...
compiling gd32f4xx_enet.c...
compiling gd32f4xx_i2c.c...
compiling gd32f4xx_fmc.c...
compiling gd32f4xx_gpio.c...
compiling gd32f4xx_fwdgt.c...
compiling gd32f4xx_iref.c...
compiling gd32f4xx_ipa.c...
compiling gd32f4xx_misc.c...
compiling gd32f4xx_syscfg.c...
compiling gd32f4xx_pmu.c...
compiling gd32f4xx_sdio.c...
compiling gd32f4xx_spi.c...
compiling gd32f4xx_rtc.c...
compiling gd32f4xx_timer.c...
compiling gd32f4xx_rcu.c...
assembling startup_gd32f450.s...
compiling gd32f4xx_wwdgt.c...
compiling gd32f4xx_trng.c...
compiling mcu_api.c...
compiling gd32f4xx_tli.c...
compiling gd32f4xx_usart.c...
compiling protocol.c...
..\mcu_sdk\protocol.c(107): warning:  #223-D: function "usart0_sendbyte" declared implicitly
      usart0_sendbyte(value);
..\mcu_sdk\protocol.c(253): warning:  #188-D: enumerated type mixed with another type
  	  device_info.direction = direction_control;
..\mcu_sdk\protocol.c(372): warning:  #188-D: enumerated type mixed with another type
      device_info.blade_speed = blade_speed;
..\mcu_sdk\protocol.c(375): warning:  #188-D: enumerated type mixed with another type
  		    blade_speed_set(blade_speed);
..\mcu_sdk\protocol.c(170): warning:  #177-D: function "dp_download_switch_go_handle"  was declared but never referenced
  static unsigned char dp_download_switch_go_handle(const unsigned char value[], unsigned short length)
..\mcu_sdk\protocol.c(199): warning:  #177-D: function "dp_download_mode_handle"  was declared but never referenced
  static unsigned char dp_download_mode_handle(const unsigned char value[], unsigned short length)
..\mcu_sdk\protocol.c: 6 warnings, 0 errors
compiling system.c...
..\mcu_sdk\system.c(150): warning:  #177-D: variable "str"  was declared but never referenced
      unsigned char str[10] = {0};
..\mcu_sdk\system.c: 1 warning, 0 errors
compiling list.c...
compiling croutine.c...
compiling event_groups.c...
compiling queue.c...
compiling stream_buffer.c...
compiling tasks.c...
compiling timers.c...
compiling heap_4.c...
compiling port.c...
linking...
Program Size: Code=25206 RO-data=634 RW-data=268 ZI-data=79940  
".\Objects\smart_grass_cutter.axf" - 0 Error(s), 26 Warning(s).

<h2>Collection of Component include folders:</h2>
  .\RTE\_Target_1
  D:\keil5\ARM\PACK\GigaDevice\GD32F4xx_DFP\2.1.0\Device\F4XX\Include

<h2>Collection of Component Files used:</h2>
Build Time Elapsed:  00:00:09
</pre>
</body>
</html>
